Archive member included to satisfy reference by file (symbol)

D:/STM32CubeIDE_1.17.0/STM32CubeIDE/plugins/com.st.stm32cube.ide.mcu.externaltools.gnu-tools-for-stm32.12.3.rel1.win32_1.1.0.202410251130/tools/bin/../lib/gcc/arm-none-eabi/12.3.1/../../../../arm-none-eabi/lib/thumb/v7e-m+fp/hard\libc_nano.a(libc_a-atoi.o)
                              ./Core/Src/freertos.o (atoi)
D:/STM32CubeIDE_1.17.0/STM32CubeIDE/plugins/com.st.stm32cube.ide.mcu.externaltools.gnu-tools-for-stm32.12.3.rel1.win32_1.1.0.202410251130/tools/bin/../lib/gcc/arm-none-eabi/12.3.1/../../../../arm-none-eabi/lib/thumb/v7e-m+fp/hard\libc_nano.a(libc_a-exit.o)
                              D:/STM32CubeIDE_1.17.0/STM32CubeIDE/plugins/com.st.stm32cube.ide.mcu.externaltools.gnu-tools-for-stm32.12.3.rel1.win32_1.1.0.202410251130/tools/bin/../lib/gcc/arm-none-eabi/12.3.1/../../../../arm-none-eabi/lib/thumb/v7e-m+fp/hard/crt0.o (exit)
D:/STM32CubeIDE_1.17.0/STM32CubeIDE/plugins/com.st.stm32cube.ide.mcu.externaltools.gnu-tools-for-stm32.12.3.rel1.win32_1.1.0.202410251130/tools/bin/../lib/gcc/arm-none-eabi/12.3.1/../../../../arm-none-eabi/lib/thumb/v7e-m+fp/hard\libc_nano.a(libc_a-strtol.o)
                              D:/STM32CubeIDE_1.17.0/STM32CubeIDE/plugins/com.st.stm32cube.ide.mcu.externaltools.gnu-tools-for-stm32.12.3.rel1.win32_1.1.0.202410251130/tools/bin/../lib/gcc/arm-none-eabi/12.3.1/../../../../arm-none-eabi/lib/thumb/v7e-m+fp/hard\libc_nano.a(libc_a-atoi.o) (_strtol_r)
D:/STM32CubeIDE_1.17.0/STM32CubeIDE/plugins/com.st.stm32cube.ide.mcu.externaltools.gnu-tools-for-stm32.12.3.rel1.win32_1.1.0.202410251130/tools/bin/../lib/gcc/arm-none-eabi/12.3.1/../../../../arm-none-eabi/lib/thumb/v7e-m+fp/hard\libc_nano.a(libc_a-ctype_.o)
                              D:/STM32CubeIDE_1.17.0/STM32CubeIDE/plugins/com.st.stm32cube.ide.mcu.externaltools.gnu-tools-for-stm32.12.3.rel1.win32_1.1.0.202410251130/tools/bin/../lib/gcc/arm-none-eabi/12.3.1/../../../../arm-none-eabi/lib/thumb/v7e-m+fp/hard\libc_nano.a(libc_a-strtol.o) (_ctype_)
D:/STM32CubeIDE_1.17.0/STM32CubeIDE/plugins/com.st.stm32cube.ide.mcu.externaltools.gnu-tools-for-stm32.12.3.rel1.win32_1.1.0.202410251130/tools/bin/../lib/gcc/arm-none-eabi/12.3.1/../../../../arm-none-eabi/lib/thumb/v7e-m+fp/hard\libc_nano.a(libc_a-findfp.o)
                              ./Middlewares/Third_Party/FreeRTOS/Source/tasks.o (__sf)
D:/STM32CubeIDE_1.17.0/STM32CubeIDE/plugins/com.st.stm32cube.ide.mcu.externaltools.gnu-tools-for-stm32.12.3.rel1.win32_1.1.0.202410251130/tools/bin/../lib/gcc/arm-none-eabi/12.3.1/../../../../arm-none-eabi/lib/thumb/v7e-m+fp/hard\libc_nano.a(libc_a-fwalk.o)
                              D:/STM32CubeIDE_1.17.0/STM32CubeIDE/plugins/com.st.stm32cube.ide.mcu.externaltools.gnu-tools-for-stm32.12.3.rel1.win32_1.1.0.202410251130/tools/bin/../lib/gcc/arm-none-eabi/12.3.1/../../../../arm-none-eabi/lib/thumb/v7e-m+fp/hard\libc_nano.a(libc_a-findfp.o) (_fwalk_sglue)
D:/STM32CubeIDE_1.17.0/STM32CubeIDE/plugins/com.st.stm32cube.ide.mcu.externaltools.gnu-tools-for-stm32.12.3.rel1.win32_1.1.0.202410251130/tools/bin/../lib/gcc/arm-none-eabi/12.3.1/../../../../arm-none-eabi/lib/thumb/v7e-m+fp/hard\libc_nano.a(libc_a-sprintf.o)
                              ./Middlewares/Third_Party/FreeRTOS/Source/tasks.o (sprintf)
D:/STM32CubeIDE_1.17.0/STM32CubeIDE/plugins/com.st.stm32cube.ide.mcu.externaltools.gnu-tools-for-stm32.12.3.rel1.win32_1.1.0.202410251130/tools/bin/../lib/gcc/arm-none-eabi/12.3.1/../../../../arm-none-eabi/lib/thumb/v7e-m+fp/hard\libc_nano.a(libc_a-stdio.o)
                              D:/STM32CubeIDE_1.17.0/STM32CubeIDE/plugins/com.st.stm32cube.ide.mcu.externaltools.gnu-tools-for-stm32.12.3.rel1.win32_1.1.0.202410251130/tools/bin/../lib/gcc/arm-none-eabi/12.3.1/../../../../arm-none-eabi/lib/thumb/v7e-m+fp/hard\libc_nano.a(libc_a-findfp.o) (__sread)
D:/STM32CubeIDE_1.17.0/STM32CubeIDE/plugins/com.st.stm32cube.ide.mcu.externaltools.gnu-tools-for-stm32.12.3.rel1.win32_1.1.0.202410251130/tools/bin/../lib/gcc/arm-none-eabi/12.3.1/../../../../arm-none-eabi/lib/thumb/v7e-m+fp/hard\libc_nano.a(libc_a-vsnprintf.o)
                              ./Core/Src/printf_uart.o (vsnprintf)
D:/STM32CubeIDE_1.17.0/STM32CubeIDE/plugins/com.st.stm32cube.ide.mcu.externaltools.gnu-tools-for-stm32.12.3.rel1.win32_1.1.0.202410251130/tools/bin/../lib/gcc/arm-none-eabi/12.3.1/../../../../arm-none-eabi/lib/thumb/v7e-m+fp/hard\libc_nano.a(libc_a-memset.o)
                              D:/STM32CubeIDE_1.17.0/STM32CubeIDE/plugins/com.st.stm32cube.ide.mcu.externaltools.gnu-tools-for-stm32.12.3.rel1.win32_1.1.0.202410251130/tools/bin/../lib/gcc/arm-none-eabi/12.3.1/../../../../arm-none-eabi/lib/thumb/v7e-m+fp/hard/crt0.o (memset)
D:/STM32CubeIDE_1.17.0/STM32CubeIDE/plugins/com.st.stm32cube.ide.mcu.externaltools.gnu-tools-for-stm32.12.3.rel1.win32_1.1.0.202410251130/tools/bin/../lib/gcc/arm-none-eabi/12.3.1/../../../../arm-none-eabi/lib/thumb/v7e-m+fp/hard\libc_nano.a(libc_a-strchr.o)
[...]
Memory Configuration

Name             Origin             Length             Attributes
CCMRAM           0x10000000         0x00010000         xrw
RAM              0x20000000         0x00020000         xrw
FLASH            0x08000000         0x00080000         xr
*default*        0x00000000         0xffffffff

Linker script and memory map

LOAD D:/STM32CubeIDE_1.17.0/STM32CubeIDE/plugins/com.st.stm32cube.ide.mcu.externaltools.gnu-tools-for-stm32.12.3.rel1.win32_1.1.0.202410251130/tools/bin/../lib/gcc/arm-none-eabi/12.3.1/thumb/v7e-m+fp/hard/crti.o
LOAD D:/STM32CubeIDE_1.17.0/STM32CubeIDE/plugins/com.st.stm32cube.ide.mcu.externaltools.gnu-tools-for-stm32.12.3.rel1.win32_1.1.0.202410251130/tools/bin/../lib/gcc/arm-none-eabi/12.3.1/thumb/v7e-m+fp/hard/crtbegin.o
LOAD D:/STM32CubeIDE_1.17.0/STM32CubeIDE/plugins/com.st.stm32cube.ide.mcu.externaltools.gnu-tools-for-stm32.12.3.rel1.win32_1.1.0.202410251130/tools/bin/../lib/gcc/arm-none-eabi/12.3.1/../../../../arm-none-eabi/lib/thumb/v7e-m+fp/hard/crt0.o
LOAD ./Core/Src/freertos.o
LOAD ./Core/Src/main.o
LOAD ./Core/Src/printf_uart.o
LOAD ./Core/Src/stm32f4xx_hal_msp.o
LOAD ./Core/Src/stm32f4xx_hal_timebase_tim.o
LOAD ./Core/Src/stm32f4xx_it.o
LOAD ./Core/Src/sys_clk_cnfg.o
LOAD ./Core/Src/syscalls.o
LOAD ./Core/Src/sysmem.o
LOAD ./Core/Src/system_stm32f4xx.o
LOAD ./Core/Startup/startup_stm32f407vetx.o
LOAD ./Drivers/STM32F4xx_HAL_Driver/Src/stm32f4xx_hal.o
LOAD ./Drivers/STM32F4xx_HAL_Driver/Src/stm32f4xx_hal_cortex.o
LOAD ./Drivers/STM32F4xx_HAL_Driver/Src/stm32f4xx_hal_dma.o
LOAD ./Drivers/STM32F4xx_HAL_Driver/Src/stm32f4xx_hal_dma_ex.o
LOAD ./Drivers/STM32F4xx_HAL_Driver/Src/stm32f4xx_hal_exti.o
LOAD ./Drivers/STM32F4xx_HAL_Driver/Src/stm32f4xx_hal_flash.o
LOAD ./Drivers/STM32F4xx_HAL_Driver/Src/stm32f4xx_hal_flash_ex.o
LOAD ./Drivers/STM32F4xx_HAL_Driver/Src/stm32f4xx_hal_flash_ramfunc.o
LOAD ./Drivers/STM32F4xx_HAL_Driver/Src/stm32f4xx_hal_gpio.o
LOAD ./Drivers/STM32F4xx_HAL_Driver/Src/stm32f4xx_hal_mmc.o
LOAD ./Drivers/STM32F4xx_HAL_Driver/Src/stm32f4xx_hal_pwr.o
LOAD ./Drivers/STM32F4xx_HAL_Driver/Src/stm32f4xx_hal_pwr_ex.o
LOAD ./Drivers/STM32F4xx_HAL_Driver/Src/stm32f4xx_hal_rcc.o
LOAD ./Drivers/STM32F4xx_HAL_Driver/Src/stm32f4xx_hal_rcc_ex.o
LOAD ./Drivers/STM32F4xx_HAL_Driver/Src/stm32f4xx_hal_sd.o
LOAD ./Drivers/STM32F4xx_HAL_Driver/Src/stm32f4xx_hal_tim.o
LOAD ./Drivers/STM32F4xx_HAL_Driver/Src/stm32f4xx_hal_tim_ex.o
LOAD ./Drivers/STM32F4xx_HAL_Driver/Src/stm32f4xx_hal_uart.o
LOAD ./Drivers/STM32F4xx_HAL_Driver/Src/stm32f4xx_ll_sdmmc.o
LOAD ./FATFS/App/fatfs.o
LOAD ./FATFS/Target/bsp_driver_sd.o
LOAD ./FATFS/Target/sd_diskio.o
LOAD ./Middlewares/Third_Party/FatFs/src/diskio.o
LOAD ./Middlewares/Third_Party/FatFs/src/ff.o
LOAD ./Middlewares/Third_Party/FatFs/src/ff_gen_drv.o
LOAD ./Middlewares/Third_Party/FatFs/src/option/syscall.o
LOAD ./Middlewares/Third_Party/FreeRTOS/Source/CMSIS_RTOS_V2/cmsis_os2.o
LOAD ./Middlewares/Third_Party/FreeRTOS/Source/croutine.o
LOAD ./Middlewares/Third_Party/FreeRTOS/Source/event_groups.o
LOAD ./Middlewares/Third_Party/FreeRTOS/Source/list.o
LOAD ./Middlewares/Third_Party/FreeRTOS/Source/queue.o
LOAD ./Middlewares/Third_Party/FreeRTOS/Source/stream_buffer.o
LOAD ./Middlewares/Third_Party/FreeRTOS/Source/tasks.o
LOAD ./Middlewares/Third_Party/FreeRTOS/Source/timers.o
LOAD ./Middlewares/Third_Party/FreeRTOS/Source/portable/GCC/ARM_CM4F/port.o
LOAD ./Middlewares/Third_Party/FreeRTOS/Source/portable/MemMang/heap_4.o
START GROUP
LOAD D:/STM32CubeIDE_1.17.0/STM32CubeIDE/plugins/com.st.stm32cube.ide.mcu.externaltools.gnu-tools-for-stm32.12.3.rel1.win32_1.1.0.202410251130/tools/bin/../lib/gcc/arm-none-eabi/12.3.1/../../../../arm-none-eabi/lib/thumb/v7e-m+fp/hard\libc_nano.a
LOAD D:/STM32CubeIDE_1.17.0/STM32CubeIDE/plugins/com.st.stm32cube.ide.mcu.externaltools.gnu-tools-for-stm32.12.3.rel1.win32_1.1.0.202410251130/tools/bin/../lib/gcc/arm-none-eabi/12.3.1/../../../../arm-none-eabi/lib/thumb/v7e-m+fp/hard\libm.a
END GROUP
START GROUP
LOAD D:/STM32CubeIDE_1.17.0/STM32CubeIDE/plugins/com.st.stm32cube.ide.mcu.externaltools.gnu-tools-for-stm32.12.3.rel1.win32_1.1.0.202410251130/tools/bin/../lib/gcc/arm-none-eabi/12.3.1/thumb/v7e-m+fp/hard\libgcc.a
LOAD D:/STM32CubeIDE_1.17.0/STM32CubeIDE/plugins/com.st.stm32cube.ide.mcu.externaltools.gnu-tools-for-stm32.12.3.rel1.win32_1.1.0.202410251130/tools/bin/../lib/gcc/arm-none-eabi/12.3.1/../../../../arm-none-eabi/lib/thumb/v7e-m+fp/hard\libc_nano.a
END GROUP
START GROUP
LOAD D:/STM32CubeIDE_1.17.0/STM32CubeIDE/plugins/com.st.stm32cube.ide.mcu.externaltools.gnu-tools-for-stm32.12.3.rel1.win32_1.1.0.202410251130/tools/bin/../lib/gcc/arm-none-eabi/12.3.1/thumb/v7e-m+fp/hard\libgcc.a
LOAD D:/STM32CubeIDE_1.17.0/STM32CubeIDE/plugins/com.st.stm32cube.ide.mcu.externaltools.gnu-tools-for-stm32.12.3.rel1.win32_1.1.0.202410251130/tools/bin/../lib/gcc/arm-none-eabi/12.3.1/../../../../arm-none-eabi/lib/thumb/v7e-m+fp/hard\libc_nano.a
LOAD D:/STM32CubeIDE_1.17.0/STM32CubeIDE/plugins/com.st.stm32cube.ide.mcu.externaltools.gnu-tools-for-stm32.12.3.rel1.win32_1.1.0.202410251130/tools/bin/../lib/gcc/arm-none-eabi/12.3.1/../../../../arm-none-eabi/lib/thumb/v7e-m+fp/hard\libnosys.a
END GROUP
START GROUP
LOAD D:/STM32CubeIDE_1.17.0/STM32CubeIDE/plugins/com.st.stm32cube.ide.mcu.externaltools.gnu-tools-for-stm32.12.3.rel1.win32_1.1.0.202410251130/tools/bin/../lib/gcc/arm-none-eabi/12.3.1/thumb/v7e-m+fp/hard\libgcc.a
LOAD D:/STM32CubeIDE_1.17.0/STM32CubeIDE/plugins/com.st.stm32cube.ide.mcu.externaltools.gnu-tools-for-stm32.12.3.rel1.win32_1.1.0.202410251130/tools/bin/../lib/gcc/arm-none-eabi/12.3.1/../../../../arm-none-eabi/lib/thumb/v7e-m+fp/hard\libc_nano.a
LOAD D:/STM32CubeIDE_1.17.0/STM32CubeIDE/plugins/com.st.stm32cube.ide.mcu.externaltools.gnu-tools-for-stm32.12.3.rel1.win32_1.1.0.202410251130/tools/bin/../lib/gcc/arm-none-eabi/12.3.1/../../../../arm-none-eabi/lib/thumb/v7e-m+fp/hard\libnosys.a
END GROUP
LOAD D:/STM32CubeIDE_1.17.0/STM32CubeIDE/plugins/com.st.stm32cube.ide.mcu.externaltools.gnu-tools-for-stm32.12.3.rel1.win32_1.1.0.202410251130/tools/bin/../lib/gcc/arm-none-eabi/12.3.1/thumb/v7e-m+fp/hard/crtend.o
LOAD D:/STM32CubeIDE_1.17.0/STM32CubeIDE/plugins/com.st.stm32cube.ide.mcu.externaltools.gnu-tools-for-stm32.12.3.rel1.win32_1.1.0.202410251130/tools/bin/../lib/gcc/arm-none-eabi/12.3.1/thumb/v7e-m+fp/hard/crtn.o
                0x20020000                        _estack = (ORIGIN (RAM) + LENGTH (RAM))
                0x00000800                        _Min_Heap_Size = 0x800
                0x00000f00                        _Min_Stack_Size = 0xf00

.isr_vector     0x08000000      0x188
                0x08000000                        . = ALIGN (0x4)
 *(.isr_vector)
 .isr_vector    0x08000000      0x188 ./Core/Startup/startup_stm32f407vetx.o
                0x08000000                g_pfnVectors
                0x08000188                        . = ALIGN (0x4)

.text           0x08000190     0xdf7c
                0x08000190                        . = ALIGN (0x4)
 *(.text)
 .text          0x08000190       0x40 D:/STM32CubeIDE_1.17.0/STM32CubeIDE/plugins/com.st.stm32cube.ide.mcu.externaltools.gnu-tools-for-stm32.12.3.rel1.win32_1.1.0.202410251130/tools/bin/../lib/gcc/arm-none-eabi/12.3.1/thumb/v7e-m+fp/hard/crtbegin.o
 .text          0x080001d0       0x10 D:/STM32CubeIDE_1.17.0/STM32CubeIDE/plugins/com.st.stm32cube.ide.mcu.externaltools.gnu-tools-for-stm32.12.3.rel1.win32_1.1.0.202410251130/tools/bin/../lib/gcc/arm-none-eabi/12.3.1/../../../../arm-none-eabi/lib/thumb/v7e-m+fp/hard\libc_nano.a(libc_a-strlen.o)
                0x080001d0                strlen
 .text          0x080001e0       0xa0 D:/STM32CubeIDE_1.17.0/STM32CubeIDE/plugins/com.st.stm32cube.ide.mcu.externaltools.gnu-tools-for-stm32.12.3.rel1.win32_1.1.0.202410251130/tools/bin/../lib/gcc/arm-none-eabi/12.3.1/../../../../arm-none-eabi/lib/thumb/v7e-m+fp/hard\libc_nano.a(libc_a-memchr.o)
                0x080001e0                memchr
 .text          0x08000280       0x30 D:/STM32CubeIDE_1.17.0/STM32CubeIDE/plugins/com.st.stm32cube.ide.mcu.externaltools.gnu-tools-for-stm32.12.3.rel1.win32_1.1.0.202410251130/tools/bin/../lib/gcc/arm-none-eabi/12.3.1/thumb/v7e-m+fp/hard\libgcc.a(_aeabi_uldivmod.o)
                0x08000280                __aeabi_uldivmod
 .text          0x080002b0      0x2bc D:/STM32CubeIDE_1.17.0/STM32CubeIDE/plugins/com.st.stm32cube.ide.mcu.externaltools.gnu-tools-for-stm32.12.3.rel1.win32_1.1.0.202410251130/tools/bin/../lib/gcc/arm-none-eabi/12.3.1/thumb/v7e-m+fp/hard\libgcc.a(_udivmoddi4.o)
                0x080002b0                __udivmoddi4
 .text          0x0800056c        0x4 D:/STM32CubeIDE_1.17.0/STM32CubeIDE/plugins/com.st.stm32cube.ide.mcu.externaltools.gnu-tools-for-stm32.12.3.rel1.win32_1.1.0.202410251130/tools/bin/../lib/gcc/arm-none-eabi/12.3.1/thumb/v7e-m+fp/hard\libgcc.a(_dvmd_tls.o)
                0x0800056c                __aeabi_idiv0
                0x0800056c                __aeabi_ldiv0
 *(.text*)
 .text.configureTimerForRunTimeStats
                0x08000570       0x18 ./Core/Src/freertos.o
                0x08000570                configureTimerForRunTimeStats
 .text.getRunTimeCounterValue
                0x08000588       0x18 ./Core/Src/freertos.o
                0x08000588                getRunTimeCounterValue
 .text.vApplicationIdleHook
                0x080005a0      0x168 ./Core/Src/freertos.o
                0x080005a0                vApplicationIdleHook
 .text.vApplicationTickHook
                0x08000708        0xe ./Core/Src/freertos.o
                0x08000708                vApplicationTickHook
 *fill*         0x08000716        0x2 
 .text.main     0x08000718      0x11c ./Core/Src/main.o
                0x08000718                main
 .text.SystemClock_Config
                0x08000834       0xd8 ./Core/Src/main.o
                0x08000834                SystemClock_Config
 .text.MX_SDIO_SD_Init
                0x0800090c       0x40 ./Core/Src/main.o
 .text.MX_TIM5_Init
                0x0800094c       0x9c ./Core/Src/main.o
 .text.MX_USART3_UART_Init
                0x080009e8       0x54 ./Core/Src/main.o
 .text.MX_DMA_Init
                0x08000a3c       0x50 ./Core/Src/main.o
 .text.MX_GPIO_Init
                0x08000a8c       0x88 ./Core/Src/main.o
 .text.HAL_UART_RxCpltCallback
                0x08000b14       0x3c ./Core/Src/main.o
                0x08000b14                HAL_UART_RxCpltCallback
 .text.extCmdMsg
                0x08000b50       0x68 ./Core/Src/main.o
                0x08000b50                extCmdMsg
 .text.extKeyMsg
                0x08000bb8       0x38 ./Core/Src/main.o
                0x08000bb8                extKeyMsg
 .text.StartTask1
                0x08000bf0       0x10 ./Core/Src/main.o
                0x08000bf0                StartTask1
 .text.StartMgmtTaskFATFS
                0x08000c00       0xb0 ./Core/Src/main.o
                0x08000c00                StartMgmtTaskFATFS
 .text.StartInputTaskMgmt
                0x08000cb0      0x1cc ./Core/Src/main.o
                0x08000cb0                StartInputTaskMgmt
 .text.HAL_TIM_PeriodElapsedCallback
                0x08000e7c       0x40 ./Core/Src/main.o
                0x08000e7c                HAL_TIM_PeriodElapsedCallback
 .text.Error_Handler
                0x08000ebc        0xc ./Core/Src/main.o
                0x08000ebc                Error_Handler
 .text.UART_Printf
                0x08000ec8       0x60 ./Core/Src/printf_uart.o
                0x08000ec8                UART_Printf
 .text.HAL_MspInit
                0x08000f28       0x68 ./Core/Src/stm32f4xx_hal_msp.o
                0x08000f28                HAL_MspInit
 .text.HAL_SD_MspInit
                0x08000f90      0x1e0 ./Core/Src/stm32f4xx_hal_msp.o
                0x08000f90                HAL_SD_MspInit
 .text.HAL_TIM_Base_MspInit
                0x08001170       0x50 ./Core/Src/stm32f4xx_hal_msp.o
                0x08001170                HAL_TIM_Base_MspInit
 .text.HAL_UART_MspInit
                0x080011c0       0xa0 ./Core/Src/stm32f4xx_hal_msp.o
                0x080011c0                HAL_UART_MspInit
 .text.HAL_UART_MspDeInit
                0x08001260       0x44 ./Core/Src/stm32f4xx_hal_msp.o
                0x08001260                HAL_UART_MspDeInit
 .text.HAL_InitTick
                0x080012a4       0xe8 ./Core/Src/stm32f4xx_hal_timebase_tim.o
                0x080012a4                HAL_InitTick
 .text.NMI_Handler
                0x0800138c        0xc ./Core/Src/stm32f4xx_it.o
                0x0800138c                NMI_Handler
 .text.HardFault_Handler
                0x08001398        0x8 ./Core/Src/stm32f4xx_it.o
                0x08001398                HardFault_Handler
 .text.MemManage_Handler
                0x080013a0        0x8 ./Core/Src/stm32f4xx_it.o
                0x080013a0                MemManage_Handler
 .text.BusFault_Handler
                0x080013a8        0x8 ./Core/Src/stm32f4xx_it.o
                0x080013a8                BusFault_Handler
 .text.UsageFault_Handler
                0x080013b0        0x8 ./Core/Src/stm32f4xx_it.o
                0x080013b0                UsageFault_Handler
 .text.DebugMon_Handler
                0x080013b8        0xe ./Core/Src/stm32f4xx_it.o
                0x080013b8                DebugMon_Handler
 .text.RCC_IRQHandler
                0x080013c6        0xe ./Core/Src/stm32f4xx_it.o
                0x080013c6                RCC_IRQHandler
 .text.TIM1_UP_TIM10_IRQHandler
                0x080013d4       0x14 ./Core/Src/stm32f4xx_it.o
                0x080013d4                TIM1_UP_TIM10_IRQHandler
 .text.USART3_IRQHandler
                0x080013e8       0x14 ./Core/Src/stm32f4xx_it.o
                0x080013e8                USART3_IRQHandler
 .text.SDIO_IRQHandler
                0x080013fc       0x14 ./Core/Src/stm32f4xx_it.o
                0x080013fc                SDIO_IRQHandler
 .text.TIM5_IRQHandler
                0x08001410       0x14 ./Core/Src/stm32f4xx_it.o
                0x08001410                TIM5_IRQHandler
 .text.DMA2_Stream3_IRQHandler
                0x08001424       0x14 ./Core/Src/stm32f4xx_it.o
                0x08001424                DMA2_Stream3_IRQHandler
 .text.DMA2_Stream6_IRQHandler
                0x08001438       0x14 ./Core/Src/stm32f4xx_it.o
                0x08001438                DMA2_Stream6_IRQHandler
 .text.SysClockPLLConfig
                0x0800144c      0x118 ./Core/Src/sys_clk_cnfg.o
                0x0800144c                SysClockPLLConfig
 .text.SysClockHSEConfig
                0x08001564       0xf8 ./Core/Src/sys_clk_cnfg.o
                0x08001564                SysClockHSEConfig
 .text._sbrk    0x0800165c       0x6c ./Core/Src/sysmem.o
                0x0800165c                _sbrk
 .text.SystemInit
                0x080016c8       0x24 ./Core/Src/system_stm32f4xx.o
                0x080016c8                SystemInit
 .text.Reset_Handler
                0x080016ec       0x50 ./Core/Startup/startup_stm32f407vetx.o
                0x080016ec                Reset_Handler
 .text.Default_Handler
                0x0800173c        0x2 ./Core/Startup/startup_stm32f407vetx.o
                0x0800173c                RTC_Alarm_IRQHandler
                0x0800173c                HASH_RNG_IRQHandler
                0x0800173c                EXTI2_IRQHandler
                0x0800173c                TIM8_CC_IRQHandler
                0x0800173c                TIM1_CC_IRQHandler
                0x0800173c                DMA2_Stream5_IRQHandler
                0x0800173c                DMA1_Stream5_IRQHandler
                0x0800173c                PVD_IRQHandler
                0x0800173c                TAMP_STAMP_IRQHandler
                0x0800173c                CAN2_RX1_IRQHandler
                0x0800173c                EXTI3_IRQHandler
                0x0800173c                TIM8_TRG_COM_TIM14_IRQHandler
                0x0800173c                TIM8_UP_TIM13_IRQHandler
                0x0800173c                I2C3_ER_IRQHandler
                0x0800173c                EXTI0_IRQHandler
                0x0800173c                I2C2_EV_IRQHandler
                0x0800173c                DMA1_Stream2_IRQHandler
                0x0800173c                CAN1_RX0_IRQHandler
                0x0800173c                FPU_IRQHandler
                0x0800173c                OTG_HS_WKUP_IRQHandler
                0x0800173c                CAN2_SCE_IRQHandler
                0x0800173c                DMA2_Stream2_IRQHandler
                0x0800173c                SPI1_IRQHandler
                0x0800173c                TIM6_DAC_IRQHandler
                0x0800173c                TIM1_BRK_TIM9_IRQHandler
                0x0800173c                DCMI_IRQHandler
                0x0800173c                CAN2_RX0_IRQHandler
                0x0800173c                USART6_IRQHandler
                0x0800173c                CAN1_RX1_IRQHandler
                0x0800173c                UART5_IRQHandler
                0x0800173c                DMA2_Stream0_IRQHandler
                0x0800173c                TIM4_IRQHandler
                0x0800173c                I2C1_EV_IRQHandler
                0x0800173c                DMA1_Stream6_IRQHandler
                0x0800173c                DMA1_Stream1_IRQHandler
                0x0800173c                UART4_IRQHandler
                0x0800173c                TIM3_IRQHandler
                0x0800173c                TIM8_BRK_TIM12_IRQHandler
                0x0800173c                Default_Handler
                0x0800173c                EXTI15_10_IRQHandler
                0x0800173c                ADC_IRQHandler
                0x0800173c                DMA1_Stream7_IRQHandler
                0x0800173c                TIM7_IRQHandler
                0x0800173c                CAN2_TX_IRQHandler
                0x0800173c                DMA2_Stream7_IRQHandler
                0x0800173c                I2C3_EV_IRQHandler
                0x0800173c                EXTI9_5_IRQHandler
                0x0800173c                RTC_WKUP_IRQHandler
                0x0800173c                ETH_WKUP_IRQHandler
                0x0800173c                SPI2_IRQHandler
                0x0800173c                OTG_HS_EP1_IN_IRQHandler
                0x0800173c                DMA1_Stream0_IRQHandler
                0x0800173c                CAN1_TX_IRQHandler
                0x0800173c                EXTI4_IRQHandler
                0x0800173c                FSMC_IRQHandler
                0x0800173c                ETH_IRQHandler
                0x0800173c                OTG_HS_EP1_OUT_IRQHandler
                0x0800173c                WWDG_IRQHandler
                0x0800173c                TIM2_IRQHandler
                0x0800173c                OTG_FS_WKUP_IRQHandler
                0x0800173c                TIM1_TRG_COM_TIM11_IRQHandler
                0x0800173c                OTG_HS_IRQHandler
                0x0800173c                EXTI1_IRQHandler
                0x0800173c                USART2_IRQHandler
                0x0800173c                I2C2_ER_IRQHandler
                0x0800173c                DMA2_Stream1_IRQHandler
                0x0800173c                CAN1_SCE_IRQHandler
                0x0800173c                FLASH_IRQHandler
                0x0800173c                DMA2_Stream4_IRQHandler
                0x0800173c                USART1_IRQHandler
                0x0800173c                OTG_FS_IRQHandler
                0x0800173c                SPI3_IRQHandler
                0x0800173c                DMA1_Stream4_IRQHandler
                0x0800173c                I2C1_ER_IRQHandler
                0x0800173c                DMA1_Stream3_IRQHandler
 *fill*         0x0800173e        0x2 
 .text.HAL_Init
                0x08001740       0x44 ./Drivers/STM32F4xx_HAL_Driver/Src/stm32f4xx_hal.o
                0x08001740                HAL_Init
 .text.HAL_IncTick
                0x08001784       0x28 ./Drivers/STM32F4xx_HAL_Driver/Src/stm32f4xx_hal.o
                0x08001784                HAL_IncTick
 .text.HAL_GetTick
                0x080017ac       0x18 ./Drivers/STM32F4xx_HAL_Driver/Src/stm32f4xx_hal.o
                0x080017ac                HAL_GetTick
 .text.HAL_Delay
                0x080017c4       0x48 ./Drivers/STM32F4xx_HAL_Driver/Src/stm32f4xx_hal.o
                0x080017c4                HAL_Delay
 .text.__NVIC_SetPriorityGrouping
                0x0800180c       0x48 ./Drivers/STM32F4xx_HAL_Driver/Src/stm32f4xx_hal_cortex.o
 .text.__NVIC_GetPriorityGrouping
                0x08001854       0x1c ./Drivers/STM32F4xx_HAL_Driver/Src/stm32f4xx_hal_cortex.o
 .text.__NVIC_EnableIRQ
                0x08001870       0x3c ./Drivers/STM32F4xx_HAL_Driver/Src/stm32f4xx_hal_cortex.o
 .text.__NVIC_DisableIRQ
                0x080018ac       0x48 ./Drivers/STM32F4xx_HAL_Driver/Src/stm32f4xx_hal_cortex.o
 .text.__NVIC_SetPriority
                0x080018f4       0x54 ./Drivers/STM32F4xx_HAL_Driver/Src/stm32f4xx_hal_cortex.o
 .text.NVIC_EncodePriority
                0x08001948       0x66 ./Drivers/STM32F4xx_HAL_Driver/Src/stm32f4xx_hal_cortex.o
 .text.HAL_NVIC_SetPriorityGrouping
                0x080019ae       0x16 ./Drivers/STM32F4xx_HAL_Driver/Src/stm32f4xx_hal_cortex.o
                0x080019ae                HAL_NVIC_SetPriorityGrouping
 .text.HAL_NVIC_SetPriority
                0x080019c4       0x38 ./Drivers/STM32F4xx_HAL_Driver/Src/stm32f4xx_hal_cortex.o
                0x080019c4                HAL_NVIC_SetPriority
 .text.HAL_NVIC_EnableIRQ
                0x080019fc       0x1c ./Drivers/STM32F4xx_HAL_Driver/Src/stm32f4xx_hal_cortex.o
                0x080019fc                HAL_NVIC_EnableIRQ
 .text.HAL_NVIC_DisableIRQ
                0x08001a18       0x1c ./Drivers/STM32F4xx_HAL_Driver/Src/stm32f4xx_hal_cortex.o
                0x08001a18                HAL_NVIC_DisableIRQ
 .text.HAL_DMA_Init
                0x08001a34      0x15c ./Drivers/STM32F4xx_HAL_Driver/Src/stm32f4xx_hal_dma.o
                0x08001a34                HAL_DMA_Init
 .text.HAL_DMA_Start_IT
                0x08001b90       0xb0 ./Drivers/STM32F4xx_HAL_Driver/Src/stm32f4xx_hal_dma.o
                0x08001b90                HAL_DMA_Start_IT
 .text.HAL_DMA_Abort
                0x08001c40       0xe0 ./Drivers/STM32F4xx_HAL_Driver/Src/stm32f4xx_hal_dma.o
                0x08001c40                HAL_DMA_Abort
 .text.HAL_DMA_Abort_IT
                0x08001d20       0x44 ./Drivers/STM32F4xx_HAL_Driver/Src/stm32f4xx_hal_dma.o
                0x08001d20                HAL_DMA_Abort_IT
 .text.HAL_DMA_IRQHandler
                0x08001d64      0x314 ./Drivers/STM32F4xx_HAL_Driver/Src/stm32f4xx_hal_dma.o
                0x08001d64                HAL_DMA_IRQHandler
 .text.HAL_DMA_GetError
                0x08002078       0x18 ./Drivers/STM32F4xx_HAL_Driver/Src/stm32f4xx_hal_dma.o
                0x08002078                HAL_DMA_GetError
 .text.DMA_SetConfig
                0x08002090       0x5c ./Drivers/STM32F4xx_HAL_Driver/Src/stm32f4xx_hal_dma.o
 .text.DMA_CalcBaseAndBitshift
                0x080020ec       0x6c ./Drivers/STM32F4xx_HAL_Driver/Src/stm32f4xx_hal_dma.o
 .text.DMA_CheckFifoParam
                0x08002158       0xf8 ./Drivers/STM32F4xx_HAL_Driver/Src/stm32f4xx_hal_dma.o
 .text.HAL_GPIO_Init
                0x08002250      0x338 ./Drivers/STM32F4xx_HAL_Driver/Src/stm32f4xx_hal_gpio.o
                0x08002250                HAL_GPIO_Init
 .text.HAL_GPIO_DeInit
                0x08002588      0x1f8 ./Drivers/STM32F4xx_HAL_Driver/Src/stm32f4xx_hal_gpio.o
                0x08002588                HAL_GPIO_DeInit
 .text.HAL_RCC_OscConfig
                0x08002780      0x4f0 ./Drivers/STM32F4xx_HAL_Driver/Src/stm32f4xx_hal_rcc.o
                0x08002780                HAL_RCC_OscConfig
 .text.HAL_RCC_ClockConfig
                0x08002c70      0x1cc ./Drivers/STM32F4xx_HAL_Driver/Src/stm32f4xx_hal_rcc.o
                0x08002c70                HAL_RCC_ClockConfig
 .text.HAL_RCC_EnableCSS
                0x08002e3c       0x18 ./Drivers/STM32F4xx_HAL_Driver/Src/stm32f4xx_hal_rcc.o
                0x08002e3c                HAL_RCC_EnableCSS
 .text.HAL_RCC_GetSysClockFreq
                0x08002e54      0x18c ./Drivers/STM32F4xx_HAL_Driver/Src/stm32f4xx_hal_rcc.o
                0x08002e54                HAL_RCC_GetSysClockFreq
 .text.HAL_RCC_GetHCLKFreq
                0x08002fe0       0x18 ./Drivers/STM32F4xx_HAL_Driver/Src/stm32f4xx_hal_rcc.o
                0x08002fe0                HAL_RCC_GetHCLKFreq
 .text.HAL_RCC_GetPCLK1Freq
                0x08002ff8       0x28 ./Drivers/STM32F4xx_HAL_Driver/Src/stm32f4xx_hal_rcc.o
                0x08002ff8                HAL_RCC_GetPCLK1Freq
 .text.HAL_RCC_GetPCLK2Freq
                0x08003020       0x28 ./Drivers/STM32F4xx_HAL_Driver/Src/stm32f4xx_hal_rcc.o
                0x08003020                HAL_RCC_GetPCLK2Freq
 .text.HAL_RCC_GetOscConfig
                0x08003048      0x128 ./Drivers/STM32F4xx_HAL_Driver/Src/stm32f4xx_hal_rcc.o
                0x08003048                HAL_RCC_GetOscConfig
 .text.HAL_RCC_GetClockConfig
                0x08003170       0x64 ./Drivers/STM32F4xx_HAL_Driver/Src/stm32f4xx_hal_rcc.o
                0x08003170                HAL_RCC_GetClockConfig
 .text.HAL_RCC_NMI_IRQHandler
                0x080031d4       0x28 ./Drivers/STM32F4xx_HAL_Driver/Src/stm32f4xx_hal_rcc.o
                0x080031d4                HAL_RCC_NMI_IRQHandler
 .text.HAL_RCC_CSSCallback
                0x080031fc        0xe ./Drivers/STM32F4xx_HAL_Driver/Src/stm32f4xx_hal_rcc.o
                0x080031fc                HAL_RCC_CSSCallback
 .text.HAL_SD_Init
                0x0800320a       0x60 ./Drivers/STM32F4xx_HAL_Driver/Src/stm32f4xx_hal_sd.o
                0x0800320a                HAL_SD_Init
 *fill*         0x0800326a        0x2 
 .text.HAL_SD_InitCard
                0x0800326c      0x100 ./Drivers/STM32F4xx_HAL_Driver/Src/stm32f4xx_hal_sd.o
                0x0800326c                HAL_SD_InitCard
 .text.HAL_SD_ReadBlocks_DMA
                0x0800336c      0x1c4 ./Drivers/STM32F4xx_HAL_Driver/Src/stm32f4xx_hal_sd.o
                0x0800336c                HAL_SD_ReadBlocks_DMA
 .text.HAL_SD_WriteBlocks_DMA
                0x08003530      0x1cc ./Drivers/STM32F4xx_HAL_Driver/Src/stm32f4xx_hal_sd.o
                0x08003530                HAL_SD_WriteBlocks_DMA
 .text.HAL_SD_IRQHandler
                0x080036fc      0x30c ./Drivers/STM32F4xx_HAL_Driver/Src/stm32f4xx_hal_sd.o
                0x080036fc                HAL_SD_IRQHandler
 .text.HAL_SD_ErrorCallback
                0x08003a08       0x14 ./Drivers/STM32F4xx_HAL_Driver/Src/stm32f4xx_hal_sd.o
                0x08003a08                HAL_SD_ErrorCallback
 .text.HAL_SD_GetCardCSD
                0x08003a1c      0x348 ./Drivers/STM32F4xx_HAL_Driver/Src/stm32f4xx_hal_sd.o
                0x08003a1c                HAL_SD_GetCardCSD
 .text.HAL_SD_GetCardInfo
                0x08003d64       0x58 ./Drivers/STM32F4xx_HAL_Driver/Src/stm32f4xx_hal_sd.o
                0x08003d64                HAL_SD_GetCardInfo
 .text.HAL_SD_GetCardState
                0x08003dbc       0x40 ./Drivers/STM32F4xx_HAL_Driver/Src/stm32f4xx_hal_sd.o
                0x08003dbc                HAL_SD_GetCardState
 .text.SD_DMATransmitCplt
                0x08003dfc       0x2a ./Drivers/STM32F4xx_HAL_Driver/Src/stm32f4xx_hal_sd.o
 .text.SD_DMAReceiveCplt
                0x08003e26       0x70 ./Drivers/STM32F4xx_HAL_Driver/Src/stm32f4xx_hal_sd.o
 *fill*         0x08003e96        0x2 
 .text.SD_DMAError
                0x08003e98       0xa4 ./Drivers/STM32F4xx_HAL_Driver/Src/stm32f4xx_hal_sd.o
 .text.SD_DMATxAbort
                0x08003f3c       0x6e ./Drivers/STM32F4xx_HAL_Driver/Src/stm32f4xx_hal_sd.o
 .text.SD_DMARxAbort
                0x08003faa       0x6e ./Drivers/STM32F4xx_HAL_Driver/Src/stm32f4xx_hal_sd.o
 .text.SD_InitCard
                0x08004018      0x19c ./Drivers/STM32F4xx_HAL_Driver/Src/stm32f4xx_hal_sd.o
 .text.SD_PowerON
                0x080041b4      0x11c ./Drivers/STM32F4xx_HAL_Driver/Src/stm32f4xx_hal_sd.o
 .text.SD_SendStatus
                0x080042d0       0x50 ./Drivers/STM32F4xx_HAL_Driver/Src/stm32f4xx_hal_sd.o
 .text.SD_Read_IT
                0x08004320       0xa2 ./Drivers/STM32F4xx_HAL_Driver/Src/stm32f4xx_hal_sd.o
 .text.SD_Write_IT
                0x080043c2       0xaa ./Drivers/STM32F4xx_HAL_Driver/Src/stm32f4xx_hal_sd.o
 .text.HAL_TIM_Base_Init
                0x0800446c       0x9e ./Drivers/STM32F4xx_HAL_Driver/Src/stm32f4xx_hal_tim.o
                0x0800446c                HAL_TIM_Base_Init
 *fill*         0x0800450a        0x2 
 .text.HAL_TIM_Base_Start_IT
                0x0800450c       0xe0 ./Drivers/STM32F4xx_HAL_Driver/Src/stm32f4xx_hal_tim.o
                0x0800450c                HAL_TIM_Base_Start_IT
 .text.HAL_TIM_IRQHandler
                0x080045ec      0x1e0 ./Drivers/STM32F4xx_HAL_Driver/Src/stm32f4xx_hal_tim.o
                0x080045ec                HAL_TIM_IRQHandler
 .text.HAL_TIM_ConfigClockSource
                0x080047cc      0x18e ./Drivers/STM32F4xx_HAL_Driver/Src/stm32f4xx_hal_tim.o
                0x080047cc                HAL_TIM_ConfigClockSource
 .text.HAL_TIM_OC_DelayElapsedCallback
                0x0800495a       0x14 ./Drivers/STM32F4xx_HAL_Driver/Src/stm32f4xx_hal_tim.o
                0x0800495a                HAL_TIM_OC_DelayElapsedCallback
 .text.HAL_TIM_IC_CaptureCallback
                0x0800496e       0x14 ./Drivers/STM32F4xx_HAL_Driver/Src/stm32f4xx_hal_tim.o
                0x0800496e                HAL_TIM_IC_CaptureCallback
 .text.HAL_TIM_PWM_PulseFinishedCallback
                0x08004982       0x14 ./Drivers/STM32F4xx_HAL_Driver/Src/stm32f4xx_hal_tim.o
                0x08004982                HAL_TIM_PWM_PulseFinishedCallback
 .text.HAL_TIM_TriggerCallback
                0x08004996       0x14 ./Drivers/STM32F4xx_HAL_Driver/Src/stm32f4xx_hal_tim.o
                0x08004996                HAL_TIM_TriggerCallback
 *fill*         0x080049aa        0x2 
 .text.TIM_Base_SetConfig
                0x080049ac      0x158 ./Drivers/STM32F4xx_HAL_Driver/Src/stm32f4xx_hal_tim.o
                0x080049ac                TIM_Base_SetConfig
 .text.TIM_TI1_ConfigInputStage
                0x08004b04       0x5e ./Drivers/STM32F4xx_HAL_Driver/Src/stm32f4xx_hal_tim.o
 .text.TIM_TI2_ConfigInputStage
                0x08004b62       0x60 ./Drivers/STM32F4xx_HAL_Driver/Src/stm32f4xx_hal_tim.o
 .text.TIM_ITRx_SetConfig
                0x08004bc2       0x36 ./Drivers/STM32F4xx_HAL_Driver/Src/stm32f4xx_hal_tim.o
 .text.TIM_ETR_SetConfig
                0x08004bf8       0x40 ./Drivers/STM32F4xx_HAL_Driver/Src/stm32f4xx_hal_tim.o
                0x08004bf8                TIM_ETR_SetConfig
 .text.HAL_TIMEx_MasterConfigSynchronization
                0x08004c38       0xf8 ./Drivers/STM32F4xx_HAL_Driver/Src/stm32f4xx_hal_tim_ex.o
                0x08004c38                HAL_TIMEx_MasterConfigSynchronization
 .text.HAL_TIMEx_CommutCallback
                0x08004d30       0x14 ./Drivers/STM32F4xx_HAL_Driver/Src/stm32f4xx_hal_tim_ex.o
                0x08004d30                HAL_TIMEx_CommutCallback
 .text.HAL_TIMEx_BreakCallback
                0x08004d44       0x14 ./Drivers/STM32F4xx_HAL_Driver/Src/stm32f4xx_hal_tim_ex.o
                0x08004d44                HAL_TIMEx_BreakCallback
 .text.HAL_UART_Init
                0x08004d58       0xa0 ./Drivers/STM32F4xx_HAL_Driver/Src/stm32f4xx_hal_uart.o
                0x08004d58                HAL_UART_Init
 .text.HAL_UART_DeInit
                0x08004df8       0x64 ./Drivers/STM32F4xx_HAL_Driver/Src/stm32f4xx_hal_uart.o
                0x08004df8                HAL_UART_DeInit
 .text.HAL_UART_Transmit
                0x08004e5c      0x116 ./Drivers/STM32F4xx_HAL_Driver/Src/stm32f4xx_hal_uart.o
                0x08004e5c                HAL_UART_Transmit
 .text.HAL_UART_Receive_IT
                0x08004f72       0x4a ./Drivers/STM32F4xx_HAL_Driver/Src/stm32f4xx_hal_uart.o
                0x08004f72                HAL_UART_Receive_IT
 .text.HAL_UART_IRQHandler
                0x08004fbc      0x524 ./Drivers/STM32F4xx_HAL_Driver/Src/stm32f4xx_hal_uart.o
                0x08004fbc                HAL_UART_IRQHandler
 .text.HAL_UART_TxCpltCallback
                0x080054e0       0x14 ./Drivers/STM32F4xx_HAL_Driver/Src/stm32f4xx_hal_uart.o
                0x080054e0                HAL_UART_TxCpltCallback
 .text.HAL_UART_ErrorCallback
                0x080054f4       0x14 ./Drivers/STM32F4xx_HAL_Driver/Src/stm32f4xx_hal_uart.o
                0x080054f4                HAL_UART_ErrorCallback
 .text.HAL_UARTEx_RxEventCallback
                0x08005508       0x18 ./Drivers/STM32F4xx_HAL_Driver/Src/stm32f4xx_hal_uart.o
                0x08005508                HAL_UARTEx_RxEventCallback
 .text.UART_WaitOnFlagUntilTimeout
                0x08005520       0xb2 ./Drivers/STM32F4xx_HAL_Driver/Src/stm32f4xx_hal_uart.o
 .text.UART_Start_Receive_IT
                0x080055d2       0x74 ./Drivers/STM32F4xx_HAL_Driver/Src/stm32f4xx_hal_uart.o
                0x080055d2                UART_Start_Receive_IT
 .text.UART_EndRxTransfer
                0x08005646       0xc6 ./Drivers/STM32F4xx_HAL_Driver/Src/stm32f4xx_hal_uart.o
 .text.UART_DMAAbortOnError
                0x0800570c       0x28 ./Drivers/STM32F4xx_HAL_Driver/Src/stm32f4xx_hal_uart.o
 .text.UART_Transmit_IT
                0x08005734       0xa0 ./Drivers/STM32F4xx_HAL_Driver/Src/stm32f4xx_hal_uart.o
 .text.UART_EndTransmit_IT
                0x080057d4       0x30 ./Drivers/STM32F4xx_HAL_Driver/Src/stm32f4xx_hal_uart.o
 .text.UART_Receive_IT
                0x08005804      0x17c ./Drivers/STM32F4xx_HAL_Driver/Src/stm32f4xx_hal_uart.o
 .text.UART_SetConfig
                0x08005980      0x4e8 ./Drivers/STM32F4xx_HAL_Driver/Src/stm32f4xx_hal_uart.o
 .text.SDIO_Init
                0x08005e68       0x56 ./Drivers/STM32F4xx_HAL_Driver/Src/stm32f4xx_ll_sdmmc.o
                0x08005e68                SDIO_Init
 .text.SDIO_ReadFIFO
                0x08005ebe       0x1a ./Drivers/STM32F4xx_HAL_Driver/Src/stm32f4xx_ll_sdmmc.o
                0x08005ebe                SDIO_ReadFIFO
 .text.SDIO_WriteFIFO
                0x08005ed8       0x22 ./Drivers/STM32F4xx_HAL_Driver/Src/stm32f4xx_ll_sdmmc.o
                0x08005ed8                SDIO_WriteFIFO
 .text.SDIO_PowerState_ON
                0x08005efa       0x1c ./Drivers/STM32F4xx_HAL_Driver/Src/stm32f4xx_ll_sdmmc.o
                0x08005efa                SDIO_PowerState_ON
 .text.SDIO_GetPowerState
                0x08005f16       0x1c ./Drivers/STM32F4xx_HAL_Driver/Src/stm32f4xx_ll_sdmmc.o
                0x08005f16                SDIO_GetPowerState
 .text.SDIO_SendCommand
                0x08005f32       0x54 ./Drivers/STM32F4xx_HAL_Driver/Src/stm32f4xx_ll_sdmmc.o
                0x08005f32                SDIO_SendCommand
 .text.SDIO_GetCommandResponse
                0x08005f86       0x1a ./Drivers/STM32F4xx_HAL_Driver/Src/stm32f4xx_ll_sdmmc.o
                0x08005f86                SDIO_GetCommandResponse
 .text.SDIO_GetResponse
                0x08005fa0       0x26 ./Drivers/STM32F4xx_HAL_Driver/Src/stm32f4xx_ll_sdmmc.o
                0x08005fa0                SDIO_GetResponse
 .text.SDIO_ConfigData
                0x08005fc6       0x58 ./Drivers/STM32F4xx_HAL_Driver/Src/stm32f4xx_ll_sdmmc.o
                0x08005fc6                SDIO_ConfigData
 .text.SDMMC_CmdBlockLength
                0x0800601e       0x44 ./Drivers/STM32F4xx_HAL_Driver/Src/stm32f4xx_ll_sdmmc.o
                0x0800601e                SDMMC_CmdBlockLength
 .text.SDMMC_CmdReadSingleBlock
                0x08006062       0x44 ./Drivers/STM32F4xx_HAL_Driver/Src/stm32f4xx_ll_sdmmc.o
                0x08006062                SDMMC_CmdReadSingleBlock
 .text.SDMMC_CmdReadMultiBlock
                0x080060a6       0x44 ./Drivers/STM32F4xx_HAL_Driver/Src/stm32f4xx_ll_sdmmc.o
                0x080060a6                SDMMC_CmdReadMultiBlock
 .text.SDMMC_CmdWriteSingleBlock
                0x080060ea       0x44 ./Drivers/STM32F4xx_HAL_Driver/Src/stm32f4xx_ll_sdmmc.o
                0x080060ea                SDMMC_CmdWriteSingleBlock
 .text.SDMMC_CmdWriteMultiBlock
                0x0800612e       0x44 ./Drivers/STM32F4xx_HAL_Driver/Src/stm32f4xx_ll_sdmmc.o
                0x0800612e                SDMMC_CmdWriteMultiBlock
 *fill*         0x08006172        0x2 
 .text.SDMMC_CmdStopTransfer
                0x08006174       0x44 ./Drivers/STM32F4xx_HAL_Driver/Src/stm32f4xx_ll_sdmmc.o
                0x08006174                SDMMC_CmdStopTransfer
 .text.SDMMC_CmdSelDesel
                0x080061b8       0x46 ./Drivers/STM32F4xx_HAL_Driver/Src/stm32f4xx_ll_sdmmc.o
                0x080061b8                SDMMC_CmdSelDesel
 .text.SDMMC_CmdGoIdleState
                0x080061fe       0x3c ./Drivers/STM32F4xx_HAL_Driver/Src/stm32f4xx_ll_sdmmc.o
                0x080061fe                SDMMC_CmdGoIdleState
 .text.SDMMC_CmdOperCond
                0x0800623a       0x3e ./Drivers/STM32F4xx_HAL_Driver/Src/stm32f4xx_ll_sdmmc.o
                0x0800623a                SDMMC_CmdOperCond
 .text.SDMMC_CmdAppCommand
                0x08006278       0x44 ./Drivers/STM32F4xx_HAL_Driver/Src/stm32f4xx_ll_sdmmc.o
                0x08006278                SDMMC_CmdAppCommand
 .text.SDMMC_CmdAppOperCommand
                0x080062bc       0x46 ./Drivers/STM32F4xx_HAL_Driver/Src/stm32f4xx_ll_sdmmc.o
                0x080062bc                SDMMC_CmdAppOperCommand
 .text.SDMMC_CmdSendCID
                0x08006302       0x3c ./Drivers/STM32F4xx_HAL_Driver/Src/stm32f4xx_ll_sdmmc.o
                0x08006302                SDMMC_CmdSendCID
 .text.SDMMC_CmdSendCSD
                0x0800633e       0x3e ./Drivers/STM32F4xx_HAL_Driver/Src/stm32f4xx_ll_sdmmc.o
                0x0800633e                SDMMC_CmdSendCSD
 .text.SDMMC_CmdSetRelAdd
                0x0800637c       0x42 ./Drivers/STM32F4xx_HAL_Driver/Src/stm32f4xx_ll_sdmmc.o
                0x0800637c                SDMMC_CmdSetRelAdd
 .text.SDMMC_CmdSendStatus
                0x080063be       0x44 ./Drivers/STM32F4xx_HAL_Driver/Src/stm32f4xx_ll_sdmmc.o
                0x080063be                SDMMC_CmdSendStatus
 *fill*         0x08006402        0x2 
 .text.SDMMC_GetCmdResp1
                0x08006404      0x1dc ./Drivers/STM32F4xx_HAL_Driver/Src/stm32f4xx_ll_sdmmc.o
                0x08006404                SDMMC_GetCmdResp1
 .text.SDMMC_GetCmdResp2
                0x080065e0       0x90 ./Drivers/STM32F4xx_HAL_Driver/Src/stm32f4xx_ll_sdmmc.o
                0x080065e0                SDMMC_GetCmdResp2
 .text.SDMMC_GetCmdResp3
                0x08006670       0x7c ./Drivers/STM32F4xx_HAL_Driver/Src/stm32f4xx_ll_sdmmc.o
                0x08006670                SDMMC_GetCmdResp3
 .text.SDMMC_GetCmdResp6
                0x080066ec       0xec ./Drivers/STM32F4xx_HAL_Driver/Src/stm32f4xx_ll_sdmmc.o
                0x080066ec                SDMMC_GetCmdResp6
 .text.SDMMC_GetCmdResp7
                0x080067d8       0x9c ./Drivers/STM32F4xx_HAL_Driver/Src/stm32f4xx_ll_sdmmc.o
                0x080067d8                SDMMC_GetCmdResp7
 .text.SDMMC_GetCmdError
                0x08006874       0x58 ./Drivers/STM32F4xx_HAL_Driver/Src/stm32f4xx_ll_sdmmc.o
 .text.MX_FATFS_Init
                0x080068cc       0x44 ./FATFS/App/fatfs.o
                0x080068cc                MX_FATFS_Init
 .text.get_fattime
                0x08006910       0x10 ./FATFS/App/fatfs.o
                0x08006910                get_fattime
 .text.mount_fs
                0x08006920       0xb0 ./FATFS/App/fatfs.o
                0x08006920                mount_fs
 .text.write_fs
                0x080069d0      0x100 ./FATFS/App/fatfs.o
                0x080069d0                write_fs
 .text.BSP_SD_Init
                0x08006ad0       0x30 ./FATFS/Target/bsp_driver_sd.o
                0x08006ad0                BSP_SD_Init
 .text.BSP_SD_ReadBlocks_DMA
                0x08006b00       0x34 ./FATFS/Target/bsp_driver_sd.o
                0x08006b00                BSP_SD_ReadBlocks_DMA
 .text.BSP_SD_WriteBlocks_DMA
                0x08006b34       0x34 ./FATFS/Target/bsp_driver_sd.o
                0x08006b34                BSP_SD_WriteBlocks_DMA
 .text.BSP_SD_GetCardState
                0x08006b68       0x20 ./FATFS/Target/bsp_driver_sd.o
                0x08006b68                BSP_SD_GetCardState
 .text.BSP_SD_GetCardInfo
                0x08006b88       0x1c ./FATFS/Target/bsp_driver_sd.o
                0x08006b88                BSP_SD_GetCardInfo
 .text.HAL_SD_AbortCallback
                0x08006ba4       0x14 ./FATFS/Target/bsp_driver_sd.o
                0x08006ba4                HAL_SD_AbortCallback
 .text.HAL_SD_TxCpltCallback
                0x08006bb8       0x14 ./FATFS/Target/bsp_driver_sd.o
                0x08006bb8                HAL_SD_TxCpltCallback
 .text.HAL_SD_RxCpltCallback
                0x08006bcc       0x14 ./FATFS/Target/bsp_driver_sd.o
                0x08006bcc                HAL_SD_RxCpltCallback
 .text.BSP_SD_AbortCallback
                0x08006be0        0xe ./FATFS/Target/bsp_driver_sd.o
                0x08006be0                BSP_SD_AbortCallback
 .text.BSP_SD_IsDetected
                0x08006bee       0x1a ./FATFS/Target/bsp_driver_sd.o
                0x08006bee                BSP_SD_IsDetected
 .text.SD_CheckStatusWithTimeout
                0x08006c08       0x3a ./FATFS/Target/sd_diskio.o
 *fill*         0x08006c42        0x2 
 .text.SD_CheckStatus
                0x08006c44       0x3c ./FATFS/Target/sd_diskio.o
 .text.SD_initialize
                0x08006c80       0x84 ./FATFS/Target/sd_diskio.o
                0x08006c80                SD_initialize
 .text.SD_status
                0x08006d04       0x1c ./FATFS/Target/sd_diskio.o
                0x08006d04                SD_status
 .text.SD_read  0x08006d20       0x94 ./FATFS/Target/sd_diskio.o
                0x08006d20                SD_read
 .text.SD_write
                0x08006db4       0x90 ./FATFS/Target/sd_diskio.o
                0x08006db4                SD_write
 .text.SD_ioctl
                0x08006e44       0xb0 ./FATFS/Target/sd_diskio.o
                0x08006e44                SD_ioctl
 .text.BSP_SD_WriteCpltCallback
                0x08006ef4       0x24 ./FATFS/Target/sd_diskio.o
                0x08006ef4                BSP_SD_WriteCpltCallback
 .text.BSP_SD_ReadCpltCallback
                0x08006f18       0x24 ./FATFS/Target/sd_diskio.o
                0x08006f18                BSP_SD_ReadCpltCallback
 .text.disk_status
                0x08006f3c       0x34 ./Middlewares/Third_Party/FatFs/src/diskio.o
                0x08006f3c                disk_status
 .text.disk_initialize
                0x08006f70       0x50 ./Middlewares/Third_Party/FatFs/src/diskio.o
                0x08006f70                disk_initialize
 .text.disk_read
                0x08006fc0       0x40 ./Middlewares/Third_Party/FatFs/src/diskio.o
                0x08006fc0                disk_read
 .text.disk_write
                0x08007000       0x40 ./Middlewares/Third_Party/FatFs/src/diskio.o
                0x08007000                disk_write
 .text.disk_ioctl
                0x08007040       0x3c ./Middlewares/Third_Party/FatFs/src/diskio.o
                0x08007040                disk_ioctl
 .text.ld_word  0x0800707c       0x30 ./Middlewares/Third_Party/FatFs/src/ff.o
 .text.ld_dword
                0x080070ac       0x46 ./Middlewares/Third_Party/FatFs/src/ff.o
 .text.st_word  0x080070f2       0x36 ./Middlewares/Third_Party/FatFs/src/ff.o
 .text.st_dword
                0x08007128       0x58 ./Middlewares/Third_Party/FatFs/src/ff.o
 .text.mem_cpy  0x08007180       0x42 ./Middlewares/Third_Party/FatFs/src/ff.o
 .text.mem_set  0x080071c2       0x36 ./Middlewares/Third_Party/FatFs/src/ff.o
 .text.mem_cmp  0x080071f8       0x4e ./Middlewares/Third_Party/FatFs/src/ff.o
 .text.chk_chr  0x08007246       0x36 ./Middlewares/Third_Party/FatFs/src/ff.o
 .text.lock_fs  0x0800727c       0x2c ./Middlewares/Third_Party/FatFs/src/ff.o
 .text.unlock_fs
                0x080072a8       0x36 ./Middlewares/Third_Party/FatFs/src/ff.o
 *fill*         0x080072de        0x2 
 .text.chk_lock
                0x080072e0       0xb8 ./Middlewares/Third_Party/FatFs/src/ff.o
 .text.enq_lock
                0x08007398       0x44 ./Middlewares/Third_Party/FatFs/src/ff.o
 .text.inc_lock
                0x080073dc      0x11c ./Middlewares/Third_Party/FatFs/src/ff.o
 .text.dec_lock
                0x080074f8       0x78 ./Middlewares/Third_Party/FatFs/src/ff.o
 .text.clear_lock
                0x08007570       0x48 ./Middlewares/Third_Party/FatFs/src/ff.o
 .text.sync_window
                0x080075b8       0x88 ./Middlewares/Third_Party/FatFs/src/ff.o
 .text.move_window
                0x08007640       0x5a ./Middlewares/Third_Party/FatFs/src/ff.o
 *fill*         0x0800769a        0x2 
 .text.sync_fs  0x0800769c       0xdc ./Middlewares/Third_Party/FatFs/src/ff.o
 .text.clust2sect
                0x08007778       0x3e ./Middlewares/Third_Party/FatFs/src/ff.o
 .text.get_fat  0x080077b6      0x14e ./Middlewares/Third_Party/FatFs/src/ff.o
 .text.put_fat  0x08007904      0x1d4 ./Middlewares/Third_Party/FatFs/src/ff.o
 .text.remove_chain
                0x08007ad8       0xca ./Middlewares/Third_Party/FatFs/src/ff.o
 .text.create_chain
                0x08007ba2      0x130 ./Middlewares/Third_Party/FatFs/src/ff.o
 .text.clmt_clust
                0x08007cd2       0x68 ./Middlewares/Third_Party/FatFs/src/ff.o
 .text.dir_sdi  0x08007d3a       0xf6 ./Middlewares/Third_Party/FatFs/src/ff.o
 .text.dir_next
                0x08007e30      0x18a ./Middlewares/Third_Party/FatFs/src/ff.o
 .text.dir_alloc
                0x08007fba       0x8e ./Middlewares/Third_Party/FatFs/src/ff.o
 .text.ld_clust
                0x08008048       0x3e ./Middlewares/Third_Party/FatFs/src/ff.o
 .text.st_clust
                0x08008086       0x40 ./Middlewares/Third_Party/FatFs/src/ff.o
 .text.dir_find
                0x080080c6       0xaa ./Middlewares/Third_Party/FatFs/src/ff.o
 .text.dir_register
                0x08008170       0x64 ./Middlewares/Third_Party/FatFs/src/ff.o
 .text.create_name
                0x080081d4      0x128 ./Middlewares/Third_Party/FatFs/src/ff.o
 .text.follow_path
                0x080082fc       0xe2 ./Middlewares/Third_Party/FatFs/src/ff.o
 .text.get_ldnumber
                0x080083de       0x88 ./Middlewares/Third_Party/FatFs/src/ff.o
 *fill*         0x08008466        0x2 
 .text.check_fs
                0x08008468       0xac ./Middlewares/Third_Party/FatFs/src/ff.o
 .text.find_volume
                0x08008514      0x4a8 ./Middlewares/Third_Party/FatFs/src/ff.o
 .text.validate
                0x080089bc       0x8e ./Middlewares/Third_Party/FatFs/src/ff.o
 *fill*         0x08008a4a        0x2 
 .text.f_mount  0x08008a4c       0xc8 ./Middlewares/Third_Party/FatFs/src/ff.o
                0x08008a4c                f_mount
 .text.f_open   0x08008b14      0x382 ./Middlewares/Third_Party/FatFs/src/ff.o
                0x08008b14                f_open
 .text.f_write  0x08008e96      0x348 ./Middlewares/Third_Party/FatFs/src/ff.o
                0x08008e96                f_write
 .text.f_sync   0x080091de      0x112 ./Middlewares/Third_Party/FatFs/src/ff.o
                0x080091de                f_sync
 .text.f_close  0x080092f0       0x5e ./Middlewares/Third_Party/FatFs/src/ff.o
                0x080092f0                f_close
 .text.f_getfree
                0x0800934e      0x178 ./Middlewares/Third_Party/FatFs/src/ff.o
                0x0800934e                f_getfree
 *fill*         0x080094c6        0x2 
 .text.FATFS_LinkDriverEx
                0x080094c8       0x98 ./Middlewares/Third_Party/FatFs/src/ff_gen_drv.o
                0x080094c8                FATFS_LinkDriverEx
 .text.FATFS_LinkDriver
                0x08009560       0x1e ./Middlewares/Third_Party/FatFs/src/ff_gen_drv.o
                0x08009560                FATFS_LinkDriver
 .text.ff_cre_syncobj
                0x0800957e       0x36 ./Middlewares/Third_Party/FatFs/src/option/syscall.o
                0x0800957e                ff_cre_syncobj
 .text.ff_del_syncobj
                0x080095b4       0x18 ./Middlewares/Third_Party/FatFs/src/option/syscall.o
                0x080095b4                ff_del_syncobj
 .text.ff_req_grant
                0x080095cc       0x2a ./Middlewares/Third_Party/FatFs/src/option/syscall.o
                0x080095cc                ff_req_grant
 .text.ff_rel_grant
                0x080095f6       0x16 ./Middlewares/Third_Party/FatFs/src/option/syscall.o
                0x080095f6                ff_rel_grant
 .text.__NVIC_SetPriority
                0x0800960c       0x54 ./Middlewares/Third_Party/FreeRTOS/Source/CMSIS_RTOS_V2/cmsis_os2.o
 .text.SysTick_Handler
                0x08009660       0x20 ./Middlewares/Third_Party/FreeRTOS/Source/CMSIS_RTOS_V2/cmsis_os2.o
                0x08009660                SysTick_Handler
 .text.SVC_Setup
                0x08009680       0x12 ./Middlewares/Third_Party/FreeRTOS/Source/CMSIS_RTOS_V2/cmsis_os2.o
 *fill*         0x08009692        0x2 
 .text.osKernelInitialize
                0x08009694       0x48 ./Middlewares/Third_Party/FreeRTOS/Source/CMSIS_RTOS_V2/cmsis_os2.o
                0x08009694                osKernelInitialize
 .text.osKernelGetState
                0x080096dc       0x44 ./Middlewares/Third_Party/FreeRTOS/Source/CMSIS_RTOS_V2/cmsis_os2.o
                0x080096dc                osKernelGetState
 .text.osKernelStart
                0x08009720       0x4c ./Middlewares/Third_Party/FreeRTOS/Source/CMSIS_RTOS_V2/cmsis_os2.o
                0x08009720                osKernelStart
 .text.osKernelGetTickCount
                0x0800976c       0x2a ./Middlewares/Third_Party/FreeRTOS/Source/CMSIS_RTOS_V2/cmsis_os2.o
                0x0800976c                osKernelGetTickCount
 .text.osThreadNew
                0x08009796      0x124 ./Middlewares/Third_Party/FreeRTOS/Source/CMSIS_RTOS_V2/cmsis_os2.o
                0x08009796                osThreadNew
 .text.osDelay  0x080098ba       0x36 ./Middlewares/Third_Party/FreeRTOS/Source/CMSIS_RTOS_V2/cmsis_os2.o
                0x080098ba                osDelay
 .text.osSemaphoreNew
                0x080098f0      0x112 ./Middlewares/Third_Party/FreeRTOS/Source/CMSIS_RTOS_V2/cmsis_os2.o
                0x080098f0                osSemaphoreNew
 *fill*         0x08009a02        0x2 
 .text.osSemaphoreAcquire
                0x08009a04       0xa4 ./Middlewares/Third_Party/FreeRTOS/Source/CMSIS_RTOS_V2/cmsis_os2.o
                0x08009a04                osSemaphoreAcquire
 .text.osSemaphoreRelease
                0x08009aa8       0x88 ./Middlewares/Third_Party/FreeRTOS/Source/CMSIS_RTOS_V2/cmsis_os2.o
                0x08009aa8                osSemaphoreRelease
 .text.osSemaphoreDelete
                0x08009b30       0x48 ./Middlewares/Third_Party/FreeRTOS/Source/CMSIS_RTOS_V2/cmsis_os2.o
                0x08009b30                osSemaphoreDelete
 .text.osMessageQueueNew
                0x08009b78       0xe6 ./Middlewares/Third_Party/FreeRTOS/Source/CMSIS_RTOS_V2/cmsis_os2.o
                0x08009b78                osMessageQueueNew
 *fill*         0x08009c5e        0x2 
 .text.osMessageQueuePut
                0x08009c60       0xc0 ./Middlewares/Third_Party/FreeRTOS/Source/CMSIS_RTOS_V2/cmsis_os2.o
                0x08009c60                osMessageQueuePut
 .text.osMessageQueueGet
                0x08009d20       0xbc ./Middlewares/Third_Party/FreeRTOS/Source/CMSIS_RTOS_V2/cmsis_os2.o
                0x08009d20                osMessageQueueGet
 .text.vApplicationGetIdleTaskMemory
                0x08009ddc       0x34 ./Middlewares/Third_Party/FreeRTOS/Source/CMSIS_RTOS_V2/cmsis_os2.o
                0x08009ddc                vApplicationGetIdleTaskMemory
 .text.vApplicationGetTimerTaskMemory
                0x08009e10       0x34 ./Middlewares/Third_Party/FreeRTOS/Source/CMSIS_RTOS_V2/cmsis_os2.o
                0x08009e10                vApplicationGetTimerTaskMemory
 .text.vListInitialise
                0x08009e44       0x40 ./Middlewares/Third_Party/FreeRTOS/Source/list.o
                0x08009e44                vListInitialise
 .text.vListInitialiseItem
                0x08009e84       0x1a ./Middlewares/Third_Party/FreeRTOS/Source/list.o
                0x08009e84                vListInitialiseItem
 .text.vListInsertEnd
                0x08009e9e       0x48 ./Middlewares/Third_Party/FreeRTOS/Source/list.o
                0x08009e9e                vListInsertEnd
 .text.vListInsert
                0x08009ee6       0x72 ./Middlewares/Third_Party/FreeRTOS/Source/list.o
                0x08009ee6                vListInsert
 .text.uxListRemove
                0x08009f58       0x54 ./Middlewares/Third_Party/FreeRTOS/Source/list.o
                0x08009f58                uxListRemove
 .text.xQueueGenericReset
                0x08009fac       0xd4 ./Middlewares/Third_Party/FreeRTOS/Source/queue.o
                0x08009fac                xQueueGenericReset
 .text.xQueueGenericCreateStatic
                0x0800a080       0xfa ./Middlewares/Third_Party/FreeRTOS/Source/queue.o
                0x0800a080                xQueueGenericCreateStatic
 .text.xQueueGenericCreate
                0x0800a17a       0x76 ./Middlewares/Third_Party/FreeRTOS/Source/queue.o
                0x0800a17a                xQueueGenericCreate
 .text.prvInitialiseNewQueue
                0x0800a1f0       0x46 ./Middlewares/Third_Party/FreeRTOS/Source/queue.o
 .text.xQueueCreateCountingSemaphoreStatic
                0x0800a236       0x72 ./Middlewares/Third_Party/FreeRTOS/Source/queue.o
                0x0800a236                xQueueCreateCountingSemaphoreStatic
 .text.xQueueCreateCountingSemaphore
                0x0800a2a8       0x6a ./Middlewares/Third_Party/FreeRTOS/Source/queue.o
                0x0800a2a8                xQueueCreateCountingSemaphore
 *fill*         0x0800a312        0x2 
 .text.xQueueGenericSend
                0x0800a314      0x204 ./Middlewares/Third_Party/FreeRTOS/Source/queue.o
                0x0800a314                xQueueGenericSend
 .text.xQueueGenericSendFromISR
                0x0800a518      0x13c ./Middlewares/Third_Party/FreeRTOS/Source/queue.o
                0x0800a518                xQueueGenericSendFromISR
 .text.xQueueGiveFromISR
                0x0800a654      0x120 ./Middlewares/Third_Party/FreeRTOS/Source/queue.o
                0x0800a654                xQueueGiveFromISR
 .text.xQueueReceive
                0x0800a774      0x1c4 ./Middlewares/Third_Party/FreeRTOS/Source/queue.o
                0x0800a774                xQueueReceive
 .text.xQueueSemaphoreTake
                0x0800a938      0x220 ./Middlewares/Third_Party/FreeRTOS/Source/queue.o
                0x0800a938                xQueueSemaphoreTake
 .text.xQueueReceiveFromISR
                0x0800ab58      0x104 ./Middlewares/Third_Party/FreeRTOS/Source/queue.o
                0x0800ab58                xQueueReceiveFromISR
 .text.vQueueDelete
                0x0800ac5c       0x48 ./Middlewares/Third_Party/FreeRTOS/Source/queue.o
                0x0800ac5c                vQueueDelete
 .text.prvGetDisinheritPriorityAfterTimeout
                0x0800aca4       0x30 ./Middlewares/Third_Party/FreeRTOS/Source/queue.o
 .text.prvCopyDataToQueue
                0x0800acd4       0xd4 ./Middlewares/Third_Party/FreeRTOS/Source/queue.o
 .text.prvCopyDataFromQueue
                0x0800ada8       0x4c ./Middlewares/Third_Party/FreeRTOS/Source/queue.o
 .text.prvUnlockQueue
                0x0800adf4       0xa4 ./Middlewares/Third_Party/FreeRTOS/Source/queue.o
 .text.prvIsQueueEmpty
                0x0800ae98       0x2c ./Middlewares/Third_Party/FreeRTOS/Source/queue.o
 .text.prvIsQueueFull
                0x0800aec4       0x30 ./Middlewares/Third_Party/FreeRTOS/Source/queue.o
 .text.vQueueAddToRegistry
                0x0800aef4       0x54 ./Middlewares/Third_Party/FreeRTOS/Source/queue.o
                0x0800aef4                vQueueAddToRegistry
 .text.vQueueUnregisterQueue
                0x0800af48       0x54 ./Middlewares/Third_Party/FreeRTOS/Source/queue.o
                0x0800af48                vQueueUnregisterQueue
 .text.vQueueWaitForMessageRestricted
                0x0800af9c       0x68 ./Middlewares/Third_Party/FreeRTOS/Source/queue.o
                0x0800af9c                vQueueWaitForMessageRestricted
 .text.xTaskCreateStatic
                0x0800b004       0xc0 ./Middlewares/Third_Party/FreeRTOS/Source/tasks.o
                0x0800b004                xTaskCreateStatic
 .text.xTaskCreate
                0x0800b0c4       0x8a ./Middlewares/Third_Party/FreeRTOS/Source/tasks.o
                0x0800b0c4                xTaskCreate
 *fill*         0x0800b14e        0x2 
 .text.prvInitialiseNewTask
                0x0800b150      0x154 ./Middlewares/Third_Party/FreeRTOS/Source/tasks.o
 .text.prvAddNewTaskToReadyList
                0x0800b2a4       0xe0 ./Middlewares/Third_Party/FreeRTOS/Source/tasks.o
 .text.vTaskDelay
                0x0800b384       0x6c ./Middlewares/Third_Party/FreeRTOS/Source/tasks.o
                0x0800b384                vTaskDelay
 .text.eTaskGetState
                0x0800b3f0       0xd0 ./Middlewares/Third_Party/FreeRTOS/Source/tasks.o
                0x0800b3f0                eTaskGetState
 .text.vTaskStartScheduler
                0x0800b4c0       0xe4 ./Middlewares/Third_Party/FreeRTOS/Source/tasks.o
                0x0800b4c0                vTaskStartScheduler
 .text.vTaskSuspendAll
                0x0800b5a4       0x1c ./Middlewares/Third_Party/FreeRTOS/Source/tasks.o
                0x0800b5a4                vTaskSuspendAll
 .text.xTaskResumeAll
                0x0800b5c0      0x13c ./Middlewares/Third_Party/FreeRTOS/Source/tasks.o
                0x0800b5c0                xTaskResumeAll
 .text.xTaskGetTickCount
                0x0800b6fc       0x20 ./Middlewares/Third_Party/FreeRTOS/Source/tasks.o
                0x0800b6fc                xTaskGetTickCount
 .text.xTaskGetTickCountFromISR
                0x0800b71c       0x24 ./Middlewares/Third_Party/FreeRTOS/Source/tasks.o
                0x0800b71c                xTaskGetTickCountFromISR
 .text.uxTaskGetSystemState
                0x0800b740      0x120 ./Middlewares/Third_Party/FreeRTOS/Source/tasks.o
                0x0800b740                uxTaskGetSystemState
 .text.xTaskIncrementTick
                0x0800b860      0x184 ./Middlewares/Third_Party/FreeRTOS/Source/tasks.o
                0x0800b860                xTaskIncrementTick
 .text.vTaskSwitchContext
                0x0800b9e4      0x100 ./Middlewares/Third_Party/FreeRTOS/Source/tasks.o
                0x0800b9e4                vTaskSwitchContext
 .text.vTaskPlaceOnEventList
                0x0800bae4       0x4c ./Middlewares/Third_Party/FreeRTOS/Source/tasks.o
                0x0800bae4                vTaskPlaceOnEventList
 .text.vTaskPlaceOnEventListRestricted
                0x0800bb30       0x58 ./Middlewares/Third_Party/FreeRTOS/Source/tasks.o
                0x0800bb30                vTaskPlaceOnEventListRestricted
 .text.xTaskRemoveFromEventList
                0x0800bb88       0xc8 ./Middlewares/Third_Party/FreeRTOS/Source/tasks.o
                0x0800bb88                xTaskRemoveFromEventList
 .text.vTaskInternalSetTimeOutState
                0x0800bc50       0x2c ./Middlewares/Third_Party/FreeRTOS/Source/tasks.o
                0x0800bc50                vTaskInternalSetTimeOutState
 .text.xTaskCheckForTimeOut
                0x0800bc7c       0xc8 ./Middlewares/Third_Party/FreeRTOS/Source/tasks.o
                0x0800bc7c                xTaskCheckForTimeOut
 .text.vTaskMissedYield
                0x0800bd44       0x18 ./Middlewares/Third_Party/FreeRTOS/Source/tasks.o
                0x0800bd44                vTaskMissedYield
 .text.prvIdleTask
                0x0800bd5c       0x34 ./Middlewares/Third_Party/FreeRTOS/Source/tasks.o
 .text.prvInitialiseTaskLists
                0x0800bd90       0x80 ./Middlewares/Third_Party/FreeRTOS/Source/tasks.o
 .text.prvCheckTasksWaitingTermination
                0x0800be10       0x5c ./Middlewares/Third_Party/FreeRTOS/Source/tasks.o
 .text.vTaskGetInfo
                0x0800be6c       0xcc ./Middlewares/Third_Party/FreeRTOS/Source/tasks.o
                0x0800be6c                vTaskGetInfo
 .text.prvListTasksWithinSingleList
                0x0800bf38       0xa4 ./Middlewares/Third_Party/FreeRTOS/Source/tasks.o
 .text.prvTaskCheckFreeStackSpace
                0x0800bfdc       0x38 ./Middlewares/Third_Party/FreeRTOS/Source/tasks.o
 .text.prvDeleteTCB
                0x0800c014       0x6a ./Middlewares/Third_Party/FreeRTOS/Source/tasks.o
 *fill*         0x0800c07e        0x2 
 .text.prvResetNextTaskUnblockTime
                0x0800c080       0x40 ./Middlewares/Third_Party/FreeRTOS/Source/tasks.o
 .text.xTaskGetSchedulerState
                0x0800c0c0       0x3c ./Middlewares/Third_Party/FreeRTOS/Source/tasks.o
                0x0800c0c0                xTaskGetSchedulerState
 .text.xTaskPriorityInherit
                0x0800c0fc       0xd0 ./Middlewares/Third_Party/FreeRTOS/Source/tasks.o
                0x0800c0fc                xTaskPriorityInherit
 .text.xTaskPriorityDisinherit
                0x0800c1cc       0xe0 ./Middlewares/Third_Party/FreeRTOS/Source/tasks.o
                0x0800c1cc                xTaskPriorityDisinherit
 .text.vTaskPriorityDisinheritAfterTimeout
                0x0800c2ac      0x108 ./Middlewares/Third_Party/FreeRTOS/Source/tasks.o
                0x0800c2ac                vTaskPriorityDisinheritAfterTimeout
 .text.prvWriteNameToBuffer
                0x0800c3b4       0x4a ./Middlewares/Third_Party/FreeRTOS/Source/tasks.o
 *fill*         0x0800c3fe        0x2 
 .text.vTaskGetRunTimeStats
                0x0800c400      0x108 ./Middlewares/Third_Party/FreeRTOS/Source/tasks.o
                0x0800c400                vTaskGetRunTimeStats
 .text.pvTaskIncrementMutexHeldCount
                0x0800c508       0x28 ./Middlewares/Third_Party/FreeRTOS/Source/tasks.o
                0x0800c508                pvTaskIncrementMutexHeldCount
 .text.prvAddCurrentTaskToDelayedList
                0x0800c530       0xa8 ./Middlewares/Third_Party/FreeRTOS/Source/tasks.o
 .text.xTimerCreateTimerTask
                0x0800c5d8       0x94 ./Middlewares/Third_Party/FreeRTOS/Source/timers.o
                0x0800c5d8                xTimerCreateTimerTask
 .text.xTimerGenericCommand
                0x0800c66c       0x9c ./Middlewares/Third_Party/FreeRTOS/Source/timers.o
                0x0800c66c                xTimerGenericCommand
 .text.prvProcessExpiredTimer
                0x0800c708       0x9c ./Middlewares/Third_Party/FreeRTOS/Source/timers.o
 .text.prvTimerTask
                0x0800c7a4       0x26 ./Middlewares/Third_Party/FreeRTOS/Source/timers.o
 *fill*         0x0800c7ca        0x2 
 .text.prvProcessTimerOrBlockTask
                0x0800c7cc       0x9c ./Middlewares/Third_Party/FreeRTOS/Source/timers.o
 .text.prvGetNextExpireTime
                0x0800c868       0x48 ./Middlewares/Third_Party/FreeRTOS/Source/timers.o
 .text.prvSampleTimeNow
                0x0800c8b0       0x40 ./Middlewares/Third_Party/FreeRTOS/Source/timers.o
 .text.prvInsertTimerInActiveList
                0x0800c8f0       0x84 ./Middlewares/Third_Party/FreeRTOS/Source/timers.o
 .text.prvProcessReceivedCommands
                0x0800c974      0x1cc ./Middlewares/Third_Party/FreeRTOS/Source/timers.o
 .text.prvSwitchTimerLists
                0x0800cb40       0xcc ./Middlewares/Third_Party/FreeRTOS/Source/timers.o
 .text.prvCheckForValidListAndQueue
                0x0800cc0c       0x80 ./Middlewares/Third_Party/FreeRTOS/Source/timers.o
 .text.pxPortInitialiseStack
                0x0800cc8c       0x68 ./Middlewares/Third_Party/FreeRTOS/Source/portable/GCC/ARM_CM4F/port.o
                0x0800cc8c                pxPortInitialiseStack
 .text.prvTaskExitError
                0x0800ccf4       0x5c ./Middlewares/Third_Party/FreeRTOS/Source/portable/GCC/ARM_CM4F/port.o
 .text.SVC_Handler
                0x0800cd50       0x28 ./Middlewares/Third_Party/FreeRTOS/Source/portable/GCC/ARM_CM4F/port.o
                0x0800cd50                SVC_Handler
 .text.prvPortStartFirstTask
                0x0800cd78       0x28 ./Middlewares/Third_Party/FreeRTOS/Source/portable/GCC/ARM_CM4F/port.o
 .text.xPortStartScheduler
                0x0800cda0      0x148 ./Middlewares/Third_Party/FreeRTOS/Source/portable/GCC/ARM_CM4F/port.o
                0x0800cda0                xPortStartScheduler
 .text.vPortEnterCritical
                0x0800cee8       0x64 ./Middlewares/Third_Party/FreeRTOS/Source/portable/GCC/ARM_CM4F/port.o
                0x0800cee8                vPortEnterCritical
 .text.vPortExitCritical
                0x0800cf4c       0x54 ./Middlewares/Third_Party/FreeRTOS/Source/portable/GCC/ARM_CM4F/port.o
                0x0800cf4c                vPortExitCritical
 .text.PendSV_Handler
                0x0800cfa0       0x68 ./Middlewares/Third_Party/FreeRTOS/Source/portable/GCC/ARM_CM4F/port.o
                0x0800cfa0                PendSV_Handler
 .text.xPortSysTickHandler
                0x0800d008       0x44 ./Middlewares/Third_Party/FreeRTOS/Source/portable/GCC/ARM_CM4F/port.o
                0x0800d008                xPortSysTickHandler
 .text.vPortSetupTimerInterrupt
                0x0800d04c       0x48 ./Middlewares/Third_Party/FreeRTOS/Source/portable/GCC/ARM_CM4F/port.o
                0x0800d04c                vPortSetupTimerInterrupt
 .text.vPortEnableVFP
                0x0800d094       0x14 ./Middlewares/Third_Party/FreeRTOS/Source/portable/GCC/ARM_CM4F/port.o
 .text.vPortValidateInterruptPriority
                0x0800d0a8       0x84 ./Middlewares/Third_Party/FreeRTOS/Source/portable/GCC/ARM_CM4F/port.o
                0x0800d0a8                vPortValidateInterruptPriority
 .text.pvPortMalloc
                0x0800d12c      0x19c ./Middlewares/Third_Party/FreeRTOS/Source/portable/MemMang/heap_4.o
                0x0800d12c                pvPortMalloc
 .text.vPortFree
                0x0800d2c8       0xc8 ./Middlewares/Third_Party/FreeRTOS/Source/portable/MemMang/heap_4.o
                0x0800d2c8                vPortFree
 .text.prvHeapInit
                0x0800d390       0xc4 ./Middlewares/Third_Party/FreeRTOS/Source/portable/MemMang/heap_4.o
 .text.prvInsertBlockIntoFreeList
                0x0800d454       0xb4 ./Middlewares/Third_Party/FreeRTOS/Source/portable/MemMang/heap_4.o
 .text.atoi     0x0800d508        0x8 D:/STM32CubeIDE_1.17.0/STM32CubeIDE/plugins/com.st.stm32cube.ide.mcu.externaltools.gnu-tools-for-stm32.12.3.rel1.win32_1.1.0.202410251130/tools/bin/../lib/gcc/arm-none-eabi/12.3.1/../../../../arm-none-eabi/lib/thumb/v7e-m+fp/hard\libc_nano.a(libc_a-atoi.o)
                0x0800d508                atoi
 .text._strtol_l.constprop.0
                0x0800d510       0xf4 D:/STM32CubeIDE_1.17.0/STM32CubeIDE/plugins/com.st.stm32cube.ide.mcu.externaltools.gnu-tools-for-stm32.12.3.rel1.win32_1.1.0.202410251130/tools/bin/../lib/gcc/arm-none-eabi/12.3.1/../../../../arm-none-eabi/lib/thumb/v7e-m+fp/hard\libc_nano.a(libc_a-strtol.o)
 .text.strtol   0x0800d604       0x14 D:/STM32CubeIDE_1.17.0/STM32CubeIDE/plugins/com.st.stm32cube.ide.mcu.externaltools.gnu-tools-for-stm32.12.3.rel1.win32_1.1.0.202410251130/tools/bin/../lib/gcc/arm-none-eabi/12.3.1/../../../../arm-none-eabi/lib/thumb/v7e-m+fp/hard\libc_nano.a(libc_a-strtol.o)
                0x0800d604                strtol
 .text.sprintf  0x0800d618       0x40 D:/STM32CubeIDE_1.17.0/STM32CubeIDE/plugins/com.st.stm32cube.ide.mcu.externaltools.gnu-tools-for-stm32.12.3.rel1.win32_1.1.0.202410251130/tools/bin/../lib/gcc/arm-none-eabi/12.3.1/../../../../arm-none-eabi/lib/thumb/v7e-m+fp/hard\libc_nano.a(libc_a-sprintf.o)
                0x0800d618                siprintf
                0x0800d618                sprintf
 .text._vsnprintf_r
                0x0800d658       0x56 D:/STM32CubeIDE_1.17.0/STM32CubeIDE/plugins/com.st.stm32cube.ide.mcu.externaltools.gnu-tools-for-stm32.12.3.rel1.win32_1.1.0.202410251130/tools/bin/../lib/gcc/arm-none-eabi/12.3.1/../../../../arm-none-eabi/lib/thumb/v7e-m+fp/hard\libc_nano.a(libc_a-vsnprintf.o)
                0x0800d658                _vsniprintf_r
                0x0800d658                _vsnprintf_r
 *fill*         0x0800d6ae        0x2 
 .text.vsnprintf
                0x0800d6b0       0x1c D:/STM32CubeIDE_1.17.0/STM32CubeIDE/plugins/com.st.stm32cube.ide.mcu.externaltools.gnu-tools-for-stm32.12.3.rel1.win32_1.1.0.202410251130/tools/bin/../lib/gcc/arm-none-eabi/12.3.1/../../../../arm-none-eabi/lib/thumb/v7e-m+fp/hard\libc_nano.a(libc_a-vsnprintf.o)
                0x0800d6b0                vsniprintf
                0x0800d6b0                vsnprintf
 .text.memset   0x0800d6cc       0x10 D:/STM32CubeIDE_1.17.0/STM32CubeIDE/plugins/com.st.stm32cube.ide.mcu.externaltools.gnu-tools-for-stm32.12.3.rel1.win32_1.1.0.202410251130/tools/bin/../lib/gcc/arm-none-eabi/12.3.1/../../../../arm-none-eabi/lib/thumb/v7e-m+fp/hard\libc_nano.a(libc_a-memset.o)
                0x0800d6cc                memset
 .text.strchr   0x0800d6dc       0x1a D:/STM32CubeIDE_1.17.0/STM32CubeIDE/plugins/com.st.stm32cube.ide.mcu.externaltools.gnu-tools-for-stm32.12.3.rel1.win32_1.1.0.202410251130/tools/bin/../lib/gcc/arm-none-eabi/12.3.1/../../../../arm-none-eabi/lib/thumb/v7e-m+fp/hard\libc_nano.a(libc_a-strchr.o)
                0x0800d6dc                strchr
 .text.strncpy  0x0800d6f6       0x26 D:/STM32CubeIDE_1.17.0/STM32CubeIDE/plugins/com.st.stm32cube.ide.mcu.externaltools.gnu-tools-for-stm32.12.3.rel1.win32_1.1.0.202410251130/tools/bin/../lib/gcc/arm-none-eabi/12.3.1/../../../../arm-none-eabi/lib/thumb/v7e-m+fp/hard\libc_nano.a(libc_a-strncpy.o)
                0x0800d6f6                strncpy
 .text.strstr   0x0800d71c       0x2c D:/STM32CubeIDE_1.17.0/STM32CubeIDE/plugins/com.st.stm32cube.ide.mcu.externaltools.gnu-tools-for-stm32.12.3.rel1.win32_1.1.0.202410251130/tools/bin/../lib/gcc/arm-none-eabi/12.3.1/../../../../arm-none-eabi/lib/thumb/v7e-m+fp/hard\libc_nano.a(libc_a-strstr.o)
                0x0800d71c                strstr
 .text._reclaim_reent
                0x0800d748       0xac D:/STM32CubeIDE_1.17.0/STM32CubeIDE/plugins/com.st.stm32cube.ide.mcu.externaltools.gnu-tools-for-stm32.12.3.rel1.win32_1.1.0.202410251130/tools/bin/../lib/gcc/arm-none-eabi/12.3.1/../../../../arm-none-eabi/lib/thumb/v7e-m+fp/hard\libc_nano.a(libc_a-reent.o)
                0x0800d748                _reclaim_reent
 .text.__errno  0x0800d7f4        0xc D:/STM32CubeIDE_1.17.0/STM32CubeIDE/plugins/com.st.stm32cube.ide.mcu.externaltools.gnu-tools-for-stm32.12.3.rel1.win32_1.1.0.202410251130/tools/bin/../lib/gcc/arm-none-eabi/12.3.1/../../../../arm-none-eabi/lib/thumb/v7e-m+fp/hard\libc_nano.a(libc_a-errno.o)
                0x0800d7f4                __errno
 .text.__libc_init_array
                0x0800d800       0x48 D:/STM32CubeIDE_1.17.0/STM32CubeIDE/plugins/com.st.stm32cube.ide.mcu.externaltools.gnu-tools-for-stm32.12.3.rel1.win32_1.1.0.202410251130/tools/bin/../lib/gcc/arm-none-eabi/12.3.1/../../../../arm-none-eabi/lib/thumb/v7e-m+fp/hard\libc_nano.a(libc_a-init.o)
                0x0800d800                __libc_init_array
 .text.__retarget_lock_acquire_recursive
                0x0800d848        0x2 D:/STM32CubeIDE_1.17.0/STM32CubeIDE/plugins/com.st.stm32cube.ide.mcu.externaltools.gnu-tools-for-stm32.12.3.rel1.win32_1.1.0.202410251130/tools/bin/../lib/gcc/arm-none-eabi/12.3.1/../../../../arm-none-eabi/lib/thumb/v7e-m+fp/hard\libc_nano.a(libc_a-lock.o)
                0x0800d848                __retarget_lock_acquire_recursive
 .text.__retarget_lock_release_recursive
                0x0800d84a        0x2 D:/STM32CubeIDE_1.17.0/STM32CubeIDE/plugins/com.st.stm32cube.ide.mcu.externaltools.gnu-tools-for-stm32.12.3.rel1.win32_1.1.0.202410251130/tools/bin/../lib/gcc/arm-none-eabi/12.3.1/../../../../arm-none-eabi/lib/thumb/v7e-m+fp/hard\libc_nano.a(libc_a-lock.o)
                0x0800d84a                __retarget_lock_release_recursive
 .text.strcpy   0x0800d84c       0x10 D:/STM32CubeIDE_1.17.0/STM32CubeIDE/plugins/com.st.stm32cube.ide.mcu.externaltools.gnu-tools-for-stm32.12.3.rel1.win32_1.1.0.202410251130/tools/bin/../lib/gcc/arm-none-eabi/12.3.1/../../../../arm-none-eabi/lib/thumb/v7e-m+fp/hard\libc_nano.a(libc_a-strcpy.o)
                0x0800d84c                strcpy
 .text.memcpy   0x0800d85c       0x1c D:/STM32CubeIDE_1.17.0/STM32CubeIDE/plugins/com.st.stm32cube.ide.mcu.externaltools.gnu-tools-for-stm32.12.3.rel1.win32_1.1.0.202410251130/tools/bin/../lib/gcc/arm-none-eabi/12.3.1/../../../../arm-none-eabi/lib/thumb/v7e-m+fp/hard\libc_nano.a(libc_a-memcpy-stub.o)
                0x0800d85c                memcpy
 .text._free_r  0x0800d878       0x94 D:/STM32CubeIDE_1.17.0/STM32CubeIDE/plugins/com.st.stm32cube.ide.mcu.externaltools.gnu-tools-for-stm32.12.3.rel1.win32_1.1.0.202410251130/tools/bin/../lib/gcc/arm-none-eabi/12.3.1/../../../../arm-none-eabi/lib/thumb/v7e-m+fp/hard\libc_nano.a(libc_a-freer.o)
                0x0800d878                _free_r
 .text.sbrk_aligned
                0x0800d90c       0x44 D:/STM32CubeIDE_1.17.0/STM32CubeIDE/plugins/com.st.stm32cube.ide.mcu.externaltools.gnu-tools-for-stm32.12.3.rel1.win32_1.1.0.202410251130/tools/bin/../lib/gcc/arm-none-eabi/12.3.1/../../../../arm-none-eabi/lib/thumb/v7e-m+fp/hard\libc_nano.a(libc_a-mallocr.o)
 .text._malloc_r
                0x0800d950      0x100 D:/STM32CubeIDE_1.17.0/STM32CubeIDE/plugins/com.st.stm32cube.ide.mcu.externaltools.gnu-tools-for-stm32.12.3.rel1.win32_1.1.0.202410251130/tools/bin/../lib/gcc/arm-none-eabi/12.3.1/../../../../arm-none-eabi/lib/thumb/v7e-m+fp/hard\libc_nano.a(libc_a-mallocr.o)
                0x0800d950                _malloc_r
 .text.__malloc_lock
                0x0800da50        0xc D:/STM32CubeIDE_1.17.0/STM32CubeIDE/plugins/com.st.stm32cube.ide.mcu.externaltools.gnu-tools-for-stm32.12.3.rel1.win32_1.1.0.202410251130/tools/bin/../lib/gcc/arm-none-eabi/12.3.1/../../../../arm-none-eabi/lib/thumb/v7e-m+fp/hard\libc_nano.a(libc_a-mlock.o)
                0x0800da50                __malloc_lock
 .text.__malloc_unlock
                0x0800da5c        0xc D:/STM32CubeIDE_1.17.0/STM32CubeIDE/plugins/com.st.stm32cube.ide.mcu.externaltools.gnu-tools-for-stm32.12.3.rel1.win32_1.1.0.202410251130/tools/bin/../lib/gcc/arm-none-eabi/12.3.1/../../../../arm-none-eabi/lib/thumb/v7e-m+fp/hard\libc_nano.a(libc_a-mlock.o)
                0x0800da5c                __malloc_unlock
 .text.__ssputs_r
                0x0800da68       0xb6 D:/STM32CubeIDE_1.17.0/STM32CubeIDE/plugins/com.st.stm32cube.ide.mcu.externaltools.gnu-tools-for-stm32.12.3.rel1.win32_1.1.0.202410251130/tools/bin/../lib/gcc/arm-none-eabi/12.3.1/../../../../arm-none-eabi/lib/thumb/v7e-m+fp/hard\libc_nano.a(libc_a-nano-svfprintf.o)
                0x0800da68                __ssputs_r
 *fill*         0x0800db1e        0x2 
 .text._svfprintf_r
                0x0800db20      0x1f8 D:/STM32CubeIDE_1.17.0/STM32CubeIDE/plugins/com.st.stm32cube.ide.mcu.externaltools.gnu-tools-for-stm32.12.3.rel1.win32_1.1.0.202410251130/tools/bin/../lib/gcc/arm-none-eabi/12.3.1/../../../../arm-none-eabi/lib/thumb/v7e-m+fp/hard\libc_nano.a(libc_a-nano-svfprintf.o)
                0x0800db20                _svfiprintf_r
                0x0800db20                _svfprintf_r
 .text._printf_common
                0x0800dd18       0xda D:/STM32CubeIDE_1.17.0/STM32CubeIDE/plugins/com.st.stm32cube.ide.mcu.externaltools.gnu-tools-for-stm32.12.3.rel1.win32_1.1.0.202410251130/tools/bin/../lib/gcc/arm-none-eabi/12.3.1/../../../../arm-none-eabi/lib/thumb/v7e-m+fp/hard\libc_nano.a(libc_a-nano-vfprintf_i.o)
                0x0800dd18                _printf_common
 *fill*         0x0800ddf2        0x2 
 .text._printf_i
                0x0800ddf4      0x240 D:/STM32CubeIDE_1.17.0/STM32CubeIDE/plugins/com.st.stm32cube.ide.mcu.externaltools.gnu-tools-for-stm32.12.3.rel1.win32_1.1.0.202410251130/tools/bin/../lib/gcc/arm-none-eabi/12.3.1/../../../../arm-none-eabi/lib/thumb/v7e-m+fp/hard\libc_nano.a(libc_a-nano-vfprintf_i.o)
                0x0800ddf4                _printf_i
 .text.memmove  0x0800e034       0x34 D:/STM32CubeIDE_1.17.0/STM32CubeIDE/plugins/com.st.stm32cube.ide.mcu.externaltools.gnu-tools-for-stm32.12.3.rel1.win32_1.1.0.202410251130/tools/bin/../lib/gcc/arm-none-eabi/12.3.1/../../../../arm-none-eabi/lib/thumb/v7e-m+fp/hard\libc_nano.a(libc_a-memmove.o)
                0x0800e034                memmove
 .text._sbrk_r  0x0800e068       0x20 D:/STM32CubeIDE_1.17.0/STM32CubeIDE/plugins/com.st.stm32cube.ide.mcu.externaltools.gnu-tools-for-stm32.12.3.rel1.win32_1.1.0.202410251130/tools/bin/../lib/gcc/arm-none-eabi/12.3.1/../../../../arm-none-eabi/lib/thumb/v7e-m+fp/hard\libc_nano.a(libc_a-sbrkr.o)
                0x0800e068                _sbrk_r
 .text._realloc_r
                0x0800e088       0x5c D:/STM32CubeIDE_1.17.0/STM32CubeIDE/plugins/com.st.stm32cube.ide.mcu.externaltools.gnu-tools-for-stm32.12.3.rel1.win32_1.1.0.202410251130/tools/bin/../lib/gcc/arm-none-eabi/12.3.1/../../../../arm-none-eabi/lib/thumb/v7e-m+fp/hard\libc_nano.a(libc_a-reallocr.o)
                0x0800e088                _realloc_r
 .text._malloc_usable_size_r
                0x0800e0e4       0x10 D:/STM32CubeIDE_1.17.0/STM32CubeIDE/plugins/com.st.stm32cube.ide.mcu.externaltools.gnu-tools-for-stm32.12.3.rel1.win32_1.1.0.202410251130/tools/bin/../lib/gcc/arm-none-eabi/12.3.1/../../../../arm-none-eabi/lib/thumb/v7e-m+fp/hard\libc_nano.a(libc_a-msizer.o)
                0x0800e0e4                _malloc_usable_size_r
 *(.glue_7)
 .glue_7        0x0800e0f4        0x0 linker stubs
 *(.glue_7t)
 .glue_7t       0x0800e0f4        0x0 linker stubs
 *(.eh_frame)
 .eh_frame      0x0800e0f4        0x0 D:/STM32CubeIDE_1.17.0/STM32CubeIDE/plugins/com.st.stm32cube.ide.mcu.externaltools.gnu-tools-for-stm32.12.3.rel1.win32_1.1.0.202410251130/tools/bin/../lib/gcc/arm-none-eabi/12.3.1/thumb/v7e-m+fp/hard/crtbegin.o
 *(.init)
 .init          0x0800e0f4        0x4 D:/STM32CubeIDE_1.17.0/STM32CubeIDE/plugins/com.st.stm32cube.ide.mcu.externaltools.gnu-tools-for-stm32.12.3.rel1.win32_1.1.0.202410251130/tools/bin/../lib/gcc/arm-none-eabi/12.3.1/thumb/v7e-m+fp/hard/crti.o
                0x0800e0f4                _init
 .init          0x0800e0f8        0x8 D:/STM32CubeIDE_1.17.0/STM32CubeIDE/plugins/com.st.stm32cube.ide.mcu.externaltools.gnu-tools-for-stm32.12.3.rel1.win32_1.1.0.202410251130/tools/bin/../lib/gcc/arm-none-eabi/12.3.1/thumb/v7e-m+fp/hard/crtn.o
 *(.fini)
 .fini          0x0800e100        0x4 D:/STM32CubeIDE_1.17.0/STM32CubeIDE/plugins/com.st.stm32cube.ide.mcu.externaltools.gnu-tools-for-stm32.12.3.rel1.win32_1.1.0.202410251130/tools/bin/../lib/gcc/arm-none-eabi/12.3.1/thumb/v7e-m+fp/hard/crti.o
                0x0800e100                _fini
 .fini          0x0800e104        0x8 D:/STM32CubeIDE_1.17.0/STM32CubeIDE/plugins/com.st.stm32cube.ide.mcu.externaltools.gnu-tools-for-stm32.12.3.rel1.win32_1.1.0.202410251130/tools/bin/../lib/gcc/arm-none-eabi/12.3.1/thumb/v7e-m+fp/hard/crtn.o
                0x0800e10c                        . = ALIGN (0x4)
                0x0800e10c                        _etext = .

.vfp11_veneer   0x0800e10c        0x0
 .vfp11_veneer  0x0800e10c        0x0 linker stubs

.v4_bx          0x0800e10c        0x0
 .v4_bx         0x0800e10c        0x0 linker stubs

.iplt           0x0800e10c        0x0
 .iplt          0x0800e10c        0x0 D:/STM32CubeIDE_1.17.0/STM32CubeIDE/plugins/com.st.stm32cube.ide.mcu.externaltools.gnu-tools-for-stm32.12.3.rel1.win32_1.1.0.202410251130/tools/bin/../lib/gcc/arm-none-eabi/12.3.1/thumb/v7e-m+fp/hard/crtbegin.o

.rodata         0x0800e10c      0x480
                0x0800e10c                        . = ALIGN (0x4)
 *(.rodata)
 .rodata        0x0800e10c        0x5 ./Core/Src/freertos.o
 *fill*         0x0800e111        0x3 
 .rodata        0x0800e114       0x5e ./Core/Src/main.o
 *fill*         0x0800e172        0x2 
 .rodata        0x0800e174       0xf7 ./FATFS/App/fatfs.o
 *fill*         0x0800e26b        0x1 
 .rodata        0x0800e26c       0x44 ./Middlewares/Third_Party/FatFs/src/ff.o
 .rodata        0x0800e2b0       0x30 ./Middlewares/Third_Party/FreeRTOS/Source/tasks.o
 .rodata        0x0800e2e0        0xd ./Middlewares/Third_Party/FreeRTOS/Source/timers.o
 *(.rodata*)
 *fill*         0x0800e2ed        0x3 
 .rodata.userTask1_attributes
                0x0800e2f0       0x24 ./Core/Src/main.o
                0x0800e2f0                userTask1_attributes
 .rodata.mgmtTaskFATFS_attributes
                0x0800e314       0x24 ./Core/Src/main.o
                0x0800e314                mgmtTaskFATFS_attributes
 .rodata.inputTaskMgmt_attributes
                0x0800e338       0x24 ./Core/Src/main.o
                0x0800e338                inputTaskMgmt_attributes
 .rodata.bufMsgQueue_attributes
                0x0800e35c       0x18 ./Core/Src/main.o
                0x0800e35c                bufMsgQueue_attributes
 .rodata.uartRXSem_attributes
                0x0800e374       0x10 ./Core/Src/main.o
                0x0800e374                uartRXSem_attributes
 .rodata.cmdRXSem_attributes
                0x0800e384       0x10 ./Core/Src/main.o
                0x0800e384                cmdRXSem_attributes
 .rodata.bufMsgSem_attributes
                0x0800e394       0x10 ./Core/Src/main.o
                0x0800e394                bufMsgSem_attributes
 .rodata.AHBPrescTable
                0x0800e3a4       0x10 ./Core/Src/system_stm32f4xx.o
                0x0800e3a4                AHBPrescTable
 .rodata.APBPrescTable
                0x0800e3b4        0x8 ./Core/Src/system_stm32f4xx.o
                0x0800e3b4                APBPrescTable
 .rodata.flagBitshiftOffset.0
                0x0800e3bc        0x8 ./Drivers/STM32F4xx_HAL_Driver/Src/stm32f4xx_hal_dma.o
 .rodata.SD_Driver
                0x0800e3c4       0x14 ./FATFS/Target/sd_diskio.o
                0x0800e3c4                SD_Driver
 .rodata.ExCvt  0x0800e3d8       0x80 ./Middlewares/Third_Party/FatFs/src/ff.o
 .rodata._ctype_
                0x0800e458      0x101 D:/STM32CubeIDE_1.17.0/STM32CubeIDE/plugins/com.st.stm32cube.ide.mcu.externaltools.gnu-tools-for-stm32.12.3.rel1.win32_1.1.0.202410251130/tools/bin/../lib/gcc/arm-none-eabi/12.3.1/../../../../arm-none-eabi/lib/thumb/v7e-m+fp/hard\libc_nano.a(libc_a-ctype_.o)
                0x0800e458                _ctype_
 .rodata._svfprintf_r.str1.1
                0x0800e559       0x11 D:/STM32CubeIDE_1.17.0/STM32CubeIDE/plugins/com.st.stm32cube.ide.mcu.externaltools.gnu-tools-for-stm32.12.3.rel1.win32_1.1.0.202410251130/tools/bin/../lib/gcc/arm-none-eabi/12.3.1/../../../../arm-none-eabi/lib/thumb/v7e-m+fp/hard\libc_nano.a(libc_a-nano-svfprintf.o)
 .rodata._printf_i.str1.1
                0x0800e56a       0x22 D:/STM32CubeIDE_1.17.0/STM32CubeIDE/plugins/com.st.stm32cube.ide.mcu.externaltools.gnu-tools-for-stm32.12.3.rel1.win32_1.1.0.202410251130/tools/bin/../lib/gcc/arm-none-eabi/12.3.1/../../../../arm-none-eabi/lib/thumb/v7e-m+fp/hard\libc_nano.a(libc_a-nano-vfprintf_i.o)
                0x0800e58c                        . = ALIGN (0x4)

.ARM.extab      0x0800e58c        0x0
                0x0800e58c                        . = ALIGN (0x4)
 *(.ARM.extab* .gnu.linkonce.armextab.*)
                0x0800e58c                        . = ALIGN (0x4)

.ARM            0x0800e58c        0x8
                0x0800e58c                        . = ALIGN (0x4)
                0x0800e58c                        __exidx_start = .
 *(.ARM.exidx*)
 .ARM.exidx     0x0800e58c        0x8 D:/STM32CubeIDE_1.17.0/STM32CubeIDE/plugins/com.st.stm32cube.ide.mcu.externaltools.gnu-tools-for-stm32.12.3.rel1.win32_1.1.0.202410251130/tools/bin/../lib/gcc/arm-none-eabi/12.3.1/../../../../arm-none-eabi/lib/thumb/v7e-m+fp/hard\libc_nano.a(libc_a-strlen.o)
 .ARM.exidx     0x0800e594        0x0 D:/STM32CubeIDE_1.17.0/STM32CubeIDE/plugins/com.st.stm32cube.ide.mcu.externaltools.gnu-tools-for-stm32.12.3.rel1.win32_1.1.0.202410251130/tools/bin/../lib/gcc/arm-none-eabi/12.3.1/../../../../arm-none-eabi/lib/thumb/v7e-m+fp/hard\libc_nano.a(libc_a-memchr.o)
                                  0x8 (size before relaxing)
 .ARM.exidx     0x0800e594        0x0 D:/STM32CubeIDE_1.17.0/STM32CubeIDE/plugins/com.st.stm32cube.ide.mcu.externaltools.gnu-tools-for-stm32.12.3.rel1.win32_1.1.0.202410251130/tools/bin/../lib/gcc/arm-none-eabi/12.3.1/thumb/v7e-m+fp/hard\libgcc.a(_udivmoddi4.o)
                                  0x8 (size before relaxing)
                0x0800e594                        __exidx_end = .
                0x0800e594                        . = ALIGN (0x4)

.preinit_array  0x0800e594        0x0
                0x0800e594                        . = ALIGN (0x4)
                0x0800e594                        PROVIDE (__preinit_array_start = .)
 *(.preinit_array*)
                0x0800e594                        PROVIDE (__preinit_array_end = .)
                0x0800e594                        . = ALIGN (0x4)

.init_array     0x0800e594        0x4
                0x0800e594                        . = ALIGN (0x4)
                0x0800e594                        PROVIDE (__init_array_start = .)
 *(SORT_BY_NAME(.init_array.*))
 *(.init_array*)
 .init_array    0x0800e594        0x4 D:/STM32CubeIDE_1.17.0/STM32CubeIDE/plugins/com.st.stm32cube.ide.mcu.externaltools.gnu-tools-for-stm32.12.3.rel1.win32_1.1.0.202410251130/tools/bin/../lib/gcc/arm-none-eabi/12.3.1/thumb/v7e-m+fp/hard/crtbegin.o
                0x0800e598                        PROVIDE (__init_array_end = .)
                0x0800e598                        . = ALIGN (0x4)

.fini_array     0x0800e598        0x4
                0x0800e598                        . = ALIGN (0x4)
                [!provide]                        PROVIDE (__fini_array_start = .)
 *(SORT_BY_NAME(.fini_array.*))
 *(.fini_array*)
 .fini_array    0x0800e598        0x4 D:/STM32CubeIDE_1.17.0/STM32CubeIDE/plugins/com.st.stm32cube.ide.mcu.externaltools.gnu-tools-for-stm32.12.3.rel1.win32_1.1.0.202410251130/tools/bin/../lib/gcc/arm-none-eabi/12.3.1/thumb/v7e-m+fp/hard/crtbegin.o
                [!provide]                        PROVIDE (__fini_array_end = .)
                0x0800e59c                        . = ALIGN (0x4)
                0x0800e59c                        _sidata = LOADADDR (.data)

.rel.dyn        0x0800e59c        0x0
 .rel.iplt      0x0800e59c        0x0 D:/STM32CubeIDE_1.17.0/STM32CubeIDE/plugins/com.st.stm32cube.ide.mcu.externaltools.gnu-tools-for-stm32.12.3.rel1.win32_1.1.0.202410251130/tools/bin/../lib/gcc/arm-none-eabi/12.3.1/thumb/v7e-m+fp/hard/crtbegin.o

.data           0x20000000       0xb0 load address 0x0800e59c
                0x20000000                        . = ALIGN (0x4)
                0x20000000                        _sdata = .
 *(.data)
 *(.data*)
 .data.cmd_fs_ref
                0x20000000       0x50 ./Core/Src/main.o
                0x20000000                cmd_fs_ref
 .data.SystemCoreClock
                0x20000050        0x4 ./Core/Src/system_stm32f4xx.o
                0x20000050                SystemCoreClock
 .data.uwTickPrio
                0x20000054        0x4 ./Drivers/STM32F4xx_HAL_Driver/Src/stm32f4xx_hal.o
                0x20000054                uwTickPrio
 .data.uwTickFreq
                0x20000058        0x1 ./Drivers/STM32F4xx_HAL_Driver/Src/stm32f4xx_hal.o
                0x20000058                uwTickFreq
 .data.Stat     0x20000059        0x1 ./FATFS/Target/sd_diskio.o
 *fill*         0x2000005a        0x2 
 .data.uxCriticalNesting
                0x2000005c        0x4 ./Middlewares/Third_Party/FreeRTOS/Source/portable/GCC/ARM_CM4F/port.o
 .data._impure_ptr
                0x20000060        0x4 D:/STM32CubeIDE_1.17.0/STM32CubeIDE/plugins/com.st.stm32cube.ide.mcu.externaltools.gnu-tools-for-stm32.12.3.rel1.win32_1.1.0.202410251130/tools/bin/../lib/gcc/arm-none-eabi/12.3.1/../../../../arm-none-eabi/lib/thumb/v7e-m+fp/hard\libc_nano.a(libc_a-impure.o)
                0x20000060                _impure_ptr
 .data._impure_data
                0x20000064       0x4c D:/STM32CubeIDE_1.17.0/STM32CubeIDE/plugins/com.st.stm32cube.ide.mcu.externaltools.gnu-tools-for-stm32.12.3.rel1.win32_1.1.0.202410251130/tools/bin/../lib/gcc/arm-none-eabi/12.3.1/../../../../arm-none-eabi/lib/thumb/v7e-m+fp/hard\libc_nano.a(libc_a-impure.o)
                0x20000064                _impure_data
 *(.RamFunc)
 *(.RamFunc*)
                0x200000b0                        . = ALIGN (0x4)
                0x200000b0                        _edata = .
                0x0800e64c                        _siccmram = LOADADDR (.ccmram)

.igot.plt       0x200000b0        0x0 load address 0x0800e64c
 .igot.plt      0x200000b0        0x0 D:/STM32CubeIDE_1.17.0/STM32CubeIDE/plugins/com.st.stm32cube.ide.mcu.externaltools.gnu-tools-for-stm32.12.3.rel1.win32_1.1.0.202410251130/tools/bin/../lib/gcc/arm-none-eabi/12.3.1/thumb/v7e-m+fp/hard/crtbegin.o

.ccmram         0x10000000        0x0 load address 0x0800e64c
                0x10000000                        . = ALIGN (0x4)
                0x10000000                        _sccmram = .
 *(.ccmram)
 *(.ccmram*)
                0x10000000                        . = ALIGN (0x4)
                0x10000000                        _eccmram = .
                0x10000000                        . = ALIGN (0x4)

.bss            0x200000b0     0x5518
                0x200000b0                        _sbss = .
                0x200000b0                        __bss_start__ = _sbss
 *(.bss)
 .bss           0x200000b0       0x1c D:/STM32CubeIDE_1.17.0/STM32CubeIDE/plugins/com.st.stm32cube.ide.mcu.externaltools.gnu-tools-for-stm32.12.3.rel1.win32_1.1.0.202410251130/tools/bin/../lib/gcc/arm-none-eabi/12.3.1/thumb/v7e-m+fp/hard/crtbegin.o
 *(.bss*)
 .bss.bfrInfo   0x200000cc      0x400 ./Core/Src/freertos.o
                0x200000cc                bfrInfo
 .bss.precIdelInt
                0x200004cc        0x4 ./Core/Src/freertos.o
                0x200004cc                precIdelInt
 .bss.precIdelChar
                0x200004d0        0x2 ./Core/Src/freertos.o
                0x200004d0                precIdelChar
 *fill*         0x200004d2        0x2 
 .bss.statusClk
                0x200004d4        0x8 ./Core/Src/freertos.o
                0x200004d4                statusClk
 .bss.hsd       0x200004dc       0x84 ./Core/Src/main.o
                0x200004dc                hsd
 .bss.hdma_sdio_rx
                0x20000560       0x60 ./Core/Src/main.o
                0x20000560                hdma_sdio_rx
 .bss.hdma_sdio_tx
                0x200005c0       0x60 ./Core/Src/main.o
                0x200005c0                hdma_sdio_tx
 .bss.htim5     0x20000620       0x48 ./Core/Src/main.o
                0x20000620                htim5
 .bss.huart3    0x20000668       0x48 ./Core/Src/main.o
                0x20000668                huart3
 .bss.userTask1Handle
                0x200006b0        0x4 ./Core/Src/main.o
                0x200006b0                userTask1Handle
 .bss.mgmtTaskFATFSHandle
                0x200006b4        0x4 ./Core/Src/main.o
                0x200006b4                mgmtTaskFATFSHandle
 .bss.inputTaskMgmtHandle
                0x200006b8        0x4 ./Core/Src/main.o
                0x200006b8                inputTaskMgmtHandle
 .bss.bufMsgQueueHandle
                0x200006bc        0x4 ./Core/Src/main.o
                0x200006bc                bufMsgQueueHandle
 .bss.bufMsgQueueBuffer
                0x200006c0       0x14 ./Core/Src/main.o
                0x200006c0                bufMsgQueueBuffer
 .bss.bufMsgQueueControlBlock
                0x200006d4       0x50 ./Core/Src/main.o
                0x200006d4                bufMsgQueueControlBlock
 .bss.uartRXSemHandle
                0x20000724        0x4 ./Core/Src/main.o
                0x20000724                uartRXSemHandle
 .bss.cmdRXSemHandle
                0x20000728        0x4 ./Core/Src/main.o
                0x20000728                cmdRXSemHandle
 .bss.bufMsgSemHandle
                0x2000072c        0x4 ./Core/Src/main.o
                0x2000072c                bufMsgSemHandle
 .bss.totalTickCnt
                0x20000730        0x4 ./Core/Src/main.o
                0x20000730                totalTickCnt
 .bss.fs        0x20000734      0x234 ./Core/Src/main.o
                0x20000734                fs
 .bss.res_fs    0x20000968        0x1 ./Core/Src/main.o
                0x20000968                res_fs
 *fill*         0x20000969        0x3 
 .bss.freqRef   0x2000096c        0x4 ./Core/Src/main.o
                0x2000096c                freqRef
 .bss.uart_irq  0x20000970        0x4 ./Core/Src/main.o
                0x20000970                uart_irq
 .bss.bufRX     0x20000974        0x1 ./Core/Src/main.o
                0x20000974                bufRX
 *fill*         0x20000975        0x3 
 .bss.bufMsg    0x20000978       0x14 ./Core/Src/main.o
                0x20000978                bufMsg
 .bss.cmd_fs    0x2000098c        0x4 ./Core/Src/main.o
                0x2000098c                cmd_fs
 .bss.text      0x20000990       0x28 ./Core/Src/main.o
                0x20000990                text
 .bss.printBuf  0x200009b8       0x3c ./Core/Src/main.o
                0x200009b8                printBuf
 .bss.htim1     0x200009f4       0x48 ./Core/Src/stm32f4xx_hal_timebase_tim.o
                0x200009f4                htim1
 .bss.freq      0x20000a3c        0x4 ./Core/Src/sys_clk_cnfg.o
                0x20000a3c                freq
 .bss.__sbrk_heap_end
                0x20000a40        0x4 ./Core/Src/sysmem.o
 .bss.uwTick    0x20000a44        0x4 ./Drivers/STM32F4xx_HAL_Driver/Src/stm32f4xx_hal.o
                0x20000a44                uwTick
 .bss.retSD     0x20000a48        0x1 ./FATFS/App/fatfs.o
                0x20000a48                retSD
 *fill*         0x20000a49        0x3 
 .bss.SDPath    0x20000a4c        0x4 ./FATFS/App/fatfs.o
                0x20000a4c                SDPath
 .bss.SDQueueID
                0x20000a50        0x4 ./FATFS/Target/sd_diskio.o
 .bss.FatFs     0x20000a54        0x4 ./Middlewares/Third_Party/FatFs/src/ff.o
 .bss.Fsid      0x20000a58        0x2 ./Middlewares/Third_Party/FatFs/src/ff.o
 *fill*         0x20000a5a        0x2 