../Core/Src/main.c:161:5:main	8	static
../Core/Src/main.c:270:6:SystemClock_Config	88	static
../Core/Src/main.c:320:13:MX_SDIO_SD_Init	4	static
../Core/Src/main.c:348:13:MX_TIM5_Init	32	static
../Core/Src/main.c:393:13:MX_USART3_UART_Init	8	static
../Core/Src/main.c:424:13:MX_DMA_Init	16	static
../Core/Src/main.c:445:13:MX_GPIO_Init	24	static
../Core/Src/main.c:462:6:HAL_UART_RxCpltCallback	24	static
../Core/Src/main.c:470:5:extCmdMsg	24	static
../Core/Src/main.c:489:6:extKeyMsg	32	static
../Core/Src/main.c:504:6:StartTask1	16	static
../Core/Src/main.c:524:6:StartMgmtTaskFATFS	32	static
../Core/Src/main.c:565:6:StartInputTaskMgmt	24	static
../Core/Src/main.c:655:6:HAL_TIM_PeriodElapsedCallback	16	static
../Core/Src/main.c:674:6:Error_Handler	4	static,ignoring_inline_asm
